Archive member included to satisfy reference by file (symbol)

/home/antrandx/Documents/ArmToolchain/gcc-arm-none-eabi-5_4-2016q3/arm-none-eabi/lib/armv7-m/libc.a(lib_a-malloc.o)
                              build_facc_application_stm32l/mini_cpp.o (malloc)
/home/antrandx/Documents/ArmToolchain/gcc-arm-none-eabi-5_4-2016q3/arm-none-eabi/lib/armv7-m/libc.a(lib_a-mallocr.o)
                              /home/antrandx/Documents/ArmToolchain/gcc-arm-none-eabi-5_4-2016q3/arm-none-eabi/lib/armv7-m/libc.a(lib_a-malloc.o) (_malloc_r)
/home/antrandx/Documents/ArmToolchain/gcc-arm-none-eabi-5_4-2016q3/arm-none-eabi/lib/armv7-m/libc.a(lib_a-mlock.o)
                              /home/antrandx/Documents/ArmToolchain/gcc-arm-none-eabi-5_4-2016q3/arm-none-eabi/lib/armv7-m/libc.a(lib_a-mallocr.o) (__malloc_lock)
/home/antrandx/Documents/ArmToolchain/gcc-arm-none-eabi-5_4-2016q3/arm-none-eabi/lib/armv7-m/libc.a(lib_a-sbrkr.o)
                              /home/antrandx/Documents/ArmToolchain/gcc-arm-none-eabi-5_4-2016q3/arm-none-eabi/lib/armv7-m/libc.a(lib_a-mallocr.o) (_sbrk_r)
/home/antrandx/Documents/ArmToolchain/gcc-arm-none-eabi-5_4-2016q3/arm-none-eabi/lib/armv7-m/libc.a(lib_a-strlen-stub.o)
                              build_facc_application_stm32l/Print.o (strlen)
/home/antrandx/Documents/ArmToolchain/gcc-arm-none-eabi-5_4-2016q3/arm-none-eabi/lib/armv7-m/libc.a(lib_a-freer.o)
                              /home/antrandx/Documents/ArmToolchain/gcc-arm-none-eabi-5_4-2016q3/arm-none-eabi/lib/armv7-m/libc.a(lib_a-malloc.o) (_free_r)
/home/antrandx/Documents/ArmToolchain/gcc-arm-none-eabi-5_4-2016q3/arm-none-eabi/lib/armv7-m/libc.a(lib_a-impure.o)
                              /home/antrandx/Documents/ArmToolchain/gcc-arm-none-eabi-5_4-2016q3/arm-none-eabi/lib/armv7-m/libc.a(lib_a-malloc.o) (_impure_ptr)
/home/antrandx/Documents/ArmToolchain/gcc-arm-none-eabi-5_4-2016q3/arm-none-eabi/lib/armv7-m/libc.a(lib_a-reent.o)
                              /home/antrandx/Documents/ArmToolchain/gcc-arm-none-eabi-5_4-2016q3/arm-none-eabi/lib/armv7-m/libc.a(lib_a-sbrkr.o) (errno)
/home/antrandx/Documents/ArmToolchain/gcc-arm-none-eabi-5_4-2016q3/arm-none-eabi/lib/armv7-m/libm.a(lib_a-w_log.o)
                              build_facc_application_stm32l/thermistor.o (log)
/home/antrandx/Documents/ArmToolchain/gcc-arm-none-eabi-5_4-2016q3/arm-none-eabi/lib/armv7-m/libm.a(lib_a-w_sqrt.o)
                              build_facc_application_stm32l/EmonLib.o (sqrt)
/home/antrandx/Documents/ArmToolchain/gcc-arm-none-eabi-5_4-2016q3/arm-none-eabi/lib/armv7-m/libm.a(lib_a-e_log.o)
                              /home/antrandx/Documents/ArmToolchain/gcc-arm-none-eabi-5_4-2016q3/arm-none-eabi/lib/armv7-m/libm.a(lib_a-w_log.o) (__ieee754_log)
/home/antrandx/Documents/ArmToolchain/gcc-arm-none-eabi-5_4-2016q3/arm-none-eabi/lib/armv7-m/libm.a(lib_a-e_sqrt.o)
                              /home/antrandx/Documents/ArmToolchain/gcc-arm-none-eabi-5_4-2016q3/arm-none-eabi/lib/armv7-m/libm.a(lib_a-w_sqrt.o) (__ieee754_sqrt)
/home/antrandx/Documents/ArmToolchain/gcc-arm-none-eabi-5_4-2016q3/arm-none-eabi/lib/armv7-m/libm.a(lib_a-s_lib_ver.o)
                              /home/antrandx/Documents/ArmToolchain/gcc-arm-none-eabi-5_4-2016q3/arm-none-eabi/lib/armv7-m/libm.a(lib_a-w_log.o) (__fdlib_version)
/home/antrandx/Documents/ArmToolchain/gcc-arm-none-eabi-5_4-2016q3/arm-none-eabi/lib/armv7-m/libm.a(lib_a-s_matherr.o)
                              /home/antrandx/Documents/ArmToolchain/gcc-arm-none-eabi-5_4-2016q3/arm-none-eabi/lib/armv7-m/libm.a(lib_a-w_log.o) (matherr)
/home/antrandx/Documents/ArmToolchain/gcc-arm-none-eabi-5_4-2016q3/arm-none-eabi/lib/armv7-m/libm.a(lib_a-s_nan.o)
                              /home/antrandx/Documents/ArmToolchain/gcc-arm-none-eabi-5_4-2016q3/arm-none-eabi/lib/armv7-m/libm.a(lib_a-w_log.o) (nan)
/home/antrandx/Documents/ArmToolchain/gcc-arm-none-eabi-5_4-2016q3/lib/gcc/arm-none-eabi/5.4.1/armv7-m/libgcc.a(_arm_addsubdf3.o)
                              build_facc_application_stm32l/SHT1x.o (__aeabi_dsub)
/home/antrandx/Documents/ArmToolchain/gcc-arm-none-eabi-5_4-2016q3/lib/gcc/arm-none-eabi/5.4.1/armv7-m/libgcc.a(_arm_muldivdf3.o)
                              build_facc_application_stm32l/app_screen.o (__aeabi_dmul)
/home/antrandx/Documents/ArmToolchain/gcc-arm-none-eabi-5_4-2016q3/lib/gcc/arm-none-eabi/5.4.1/armv7-m/libgcc.a(_arm_cmpdf2.o)
                              /home/antrandx/Documents/ArmToolchain/gcc-arm-none-eabi-5_4-2016q3/arm-none-eabi/lib/armv7-m/libm.a(lib_a-w_log.o) (__aeabi_dcmpeq)
/home/antrandx/Documents/ArmToolchain/gcc-arm-none-eabi-5_4-2016q3/lib/gcc/arm-none-eabi/5.4.1/armv7-m/libgcc.a(_arm_unorddf2.o)
                              build_facc_application_stm32l/Print.o (__aeabi_dcmpun)
/home/antrandx/Documents/ArmToolchain/gcc-arm-none-eabi-5_4-2016q3/lib/gcc/arm-none-eabi/5.4.1/armv7-m/libgcc.a(_arm_fixdfsi.o)
[...]
Memory Configuration

Name             Origin             Length             Attributes
FLASH            0x08001000         0x0000f000         xr
SRAM             0x20000000         0x00004000         xrw
*default*        0x00000000         0xffffffff

Linker script and memory map

                0x00000000                HEAP_SIZE = 0x0

.start_flash    0x08001000        0x0
                0x08001000                _start_flash = .

.isr_vector     0x08001000       0xf4
 *(.isr_vector)
 .isr_vector    0x08001000       0xf4 build_facc_application_stm32l/system.o
                0x08001000                isr_vector
                0x080010f4                . = ALIGN (0x4)

.text           0x080010f8     0xc57c
                0x080010f8                . = ALIGN (0x4)
 *(.text)
 .text          0x080010f8      0x370 /home/antrandx/Documents/ArmToolchain/gcc-arm-none-eabi-5_4-2016q3/lib/gcc/arm-none-eabi/5.4.1/armv7-m/libgcc.a(_arm_addsubdf3.o)
                0x080010f8                __aeabi_drsub
                0x08001100                __aeabi_dsub
                0x08001100                __subdf3
                0x08001104                __adddf3
                0x08001104                __aeabi_dadd
                0x0800137c                __aeabi_ui2d
                0x0800137c                __floatunsidf
                0x0800139c                __floatsidf
                0x0800139c                __aeabi_i2d
                0x080013c0                __extendsfdf2
                0x080013c0                __aeabi_f2d
                0x080013fc                __aeabi_ul2d
                0x080013fc                __floatundidf
                0x0800140c                __floatdidf
                0x0800140c                __aeabi_l2d
 .text          0x08001468      0x424 /home/antrandx/Documents/ArmToolchain/gcc-arm-none-eabi-5_4-2016q3/lib/gcc/arm-none-eabi/5.4.1/armv7-m/libgcc.a(_arm_muldivdf3.o)
                0x08001468                __aeabi_dmul
                0x08001468                __muldf3
                0x080016bc                __aeabi_ddiv
                0x080016bc                __divdf3
 .text          0x0800188c      0x110 /home/antrandx/Documents/ArmToolchain/gcc-arm-none-eabi-5_4-2016q3/lib/gcc/arm-none-eabi/5.4.1/armv7-m/libgcc.a(_arm_cmpdf2.o)
                0x0800188c                __gtdf2
                0x0800188c                __gedf2
                0x08001894                __ltdf2
                0x08001894                __ledf2
                0x0800189c                __cmpdf2
                0x0800189c                __eqdf2
                0x0800189c                __nedf2
                0x08001918                __aeabi_cdrcmple
                0x08001928                __aeabi_cdcmple
                0x08001928                __aeabi_cdcmpeq
                0x08001938                __aeabi_dcmpeq
                0x0800194c                __aeabi_dcmplt
                0x08001960                __aeabi_dcmple
                0x08001974                __aeabi_dcmpge
                0x08001988                __aeabi_dcmpgt
 .text          0x0800199c       0x2c /home/antrandx/Documents/ArmToolchain/gcc-arm-none-eabi-5_4-2016q3/lib/gcc/arm-none-eabi/5.4.1/armv7-m/libgcc.a(_arm_unorddf2.o)
                0x0800199c                __aeabi_dcmpun
                0x0800199c                __unorddf2
 .text          0x080019c8       0x50 /home/antrandx/Documents/ArmToolchain/gcc-arm-none-eabi-5_4-2016q3/lib/gcc/arm-none-eabi/5.4.1/armv7-m/libgcc.a(_arm_fixdfsi.o)
                0x080019c8                __fixdfsi
                0x080019c8                __aeabi_d2iz
 .text          0x08001a18       0x40 /home/antrandx/Documents/ArmToolchain/gcc-arm-none-eabi-5_4-2016q3/lib/gcc/arm-none-eabi/5.4.1/armv7-m/libgcc.a(_arm_fixunsdfsi.o)
                0x08001a18                __fixunsdfsi
                0x08001a18                __aeabi_d2uiz
 .text          0x08001a58       0xa0 /home/antrandx/Documents/ArmToolchain/gcc-arm-none-eabi-5_4-2016q3/lib/gcc/arm-none-eabi/5.4.1/armv7-m/libgcc.a(_arm_truncdfsf2.o)
                0x08001a58                __aeabi_d2f
                0x08001a58                __truncdfsf2
 .text          0x08001af8      0x21c /home/antrandx/Documents/ArmToolchain/gcc-arm-none-eabi-5_4-2016q3/lib/gcc/arm-none-eabi/5.4.1/armv7-m/libgcc.a(_arm_addsubsf3.o)
                0x08001af8                __aeabi_frsub
                0x08001b00                __subsf3
                0x08001b00                __aeabi_fsub
                0x08001b04                __aeabi_fadd
                0x08001b04                __addsf3
                0x08001c64                __aeabi_ui2f
                0x08001c64                __floatunsisf
                0x08001c6c                __aeabi_i2f
                0x08001c6c                __floatsisf
                0x08001c88                __floatundisf
                0x08001c88                __aeabi_ul2f
                0x08001c98                __floatdisf
                0x08001c98                __aeabi_l2f
 .text          0x08001d14      0x2a0 /home/antrandx/Documents/ArmToolchain/gcc-arm-none-eabi-5_4-2016q3/lib/gcc/arm-none-eabi/5.4.1/armv7-m/libgcc.a(_arm_muldivsf3.o)
                0x08001d14                __mulsf3
                0x08001d14                __aeabi_fmul
                0x08001e7c                __divsf3
                0x08001e7c                __aeabi_fdiv
 .text          0x08001fb4       0xec /home/antrandx/Documents/ArmToolchain/gcc-arm-none-eabi-5_4-2016q3/lib/gcc/arm-none-eabi/5.4.1/armv7-m/libgcc.a(_arm_cmpsf2.o)
                0x08001fb4                __gtsf2
                0x08001fb4                __gesf2
                0x08001fbc                __lesf2
                0x08001fbc                __ltsf2
                0x08001fc4                __nesf2
                0x08001fc4                __eqsf2
                0x08001fc4                __cmpsf2
                0x08002024                __aeabi_cfrcmple
                0x0800202c                __aeabi_cfcmple
                0x0800202c                __aeabi_cfcmpeq
                0x0800203c                __aeabi_fcmpeq
                0x08002050                __aeabi_fcmplt
                0x08002064                __aeabi_fcmple
                0x08002078                __aeabi_fcmpge
                0x0800208c                __aeabi_fcmpgt
 .text          0x080020a0       0x4c /home/antrandx/Documents/ArmToolchain/gcc-arm-none-eabi-5_4-2016q3/lib/gcc/arm-none-eabi/5.4.1/armv7-m/libgcc.a(_arm_fixsfsi.o)
                0x080020a0                __fixsfsi
                0x080020a0                __aeabi_f2iz
 .text          0x080020ec       0x40 /home/antrandx/Documents/ArmToolchain/gcc-arm-none-eabi-5_4-2016q3/lib/gcc/arm-none-eabi/5.4.1/armv7-m/libgcc.a(_arm_fixunssfsi.o)
                0x080020ec                __aeabi_f2uiz
                0x080020ec                __fixunssfsi
 *(.text*)
 .text.msg_init
                0x0800212c       0x78 build_facc_application_stm32l/message.o
                0x0800212c                msg_init
 .text.msg_inc_ref_count
                0x080021a4       0x1c build_facc_application_stm32l/message.o
                0x080021a4                msg_inc_ref_count
 .text.msg_dec_ref_count
                0x080021c0       0x18 build_facc_application_stm32l/message.o
                0x080021c0                msg_dec_ref_count
 .text.msg_free
                0x080021d8       0x58 build_facc_application_stm32l/message.o
                0x080021d8                msg_free
 .text.get_common_msg
                0x08002230       0x48 build_facc_application_stm32l/message.o
                0x08002230                get_common_msg
 .text.set_data_common_msg
                0x08002278       0x38 build_facc_application_stm32l/message.o
                0x08002278                set_data_common_msg
 .text.get_data_common_msg
                0x080022b0       0x28 build_facc_application_stm32l/message.o
                0x080022b0                get_data_common_msg
 .text.get_data_len_common_msg
                0x080022d8       0x1c build_facc_application_stm32l/message.o
                0x080022d8                get_data_len_common_msg
 .text.get_pure_msg
                0x080022f4       0x48 build_facc_application_stm32l/message.o
                0x080022f4                get_pure_msg
 .text.fsm_dispatch
                0x0800233c        0x6 build_facc_application_stm32l/fsm.o
                0x0800233c                fsm_dispatch
 *fill*         0x08002342        0x2 
 .text.task_sheduler
                0x08002344       0xcc build_facc_application_stm32l/task.o
 .text.task_create
                0x08002410       0x30 build_facc_application_stm32l/task.o
                0x08002410                task_create
 .text.task_post
                0x08002440       0x7c build_facc_application_stm32l/task.o
                0x08002440                task_post
 .text.task_init
                0x080024bc       0x40 build_facc_application_stm32l/task.o
                0x080024bc                task_init
 .text.task_run
                0x080024fc       0x38 build_facc_application_stm32l/task.o
                0x080024fc                task_run
 .text.get_current_task_info
                0x08002534        0x8 build_facc_application_stm32l/task.o
                0x08002534                get_current_task_info
 .text.get_current_active_object
                0x0800253c        0x8 build_facc_application_stm32l/task.o
                0x0800253c                get_current_active_object
 .text.timer_init
                0x08002544       0x48 build_facc_application_stm32l/timer.o
                0x08002544                timer_init
 .text.timer_tick
                0x0800258c       0x40 build_facc_application_stm32l/timer.o
                0x0800258c                timer_tick
 .text.timer_set
                0x080025cc       0x98 build_facc_application_stm32l/timer.o
                0x080025cc                timer_set
 .text.timer_remove_attr
                0x08002664       0x58 build_facc_application_stm32l/timer.o
                0x08002664                timer_remove_attr
 .text.task_timer_tick
                0x080026bc       0x7c build_facc_application_stm32l/timer.o
                0x080026bc                task_timer_tick
 .text.str_len  0x08002738       0x10 build_facc_application_stm32l/utils.o
                0x08002738                str_len
 .text.mem_set  0x08002748       0x12 build_facc_application_stm32l/utils.o
                0x08002748                mem_set
 .text.mem_cpy  0x0800275a       0x14 build_facc_application_stm32l/utils.o
                0x0800275a                mem_cpy
 .text.mem_read
                0x0800276e       0x16 build_facc_application_stm32l/utils.o
                0x0800276e                mem_read
 .text.mem_write
                0x08002784       0x16 build_facc_application_stm32l/utils.o
                0x08002784                mem_write
 .text.str_cmp  0x0800279a       0x28 build_facc_application_stm32l/utils.o
                0x0800279a                str_cmp
 .text.str_cpy  0x080027c2       0x26 build_facc_application_stm32l/utils.o
                0x080027c2                str_cpy
 .text.xputc    0x080027e8       0x24 build_facc_application_stm32l/xprintf.o
                0x080027e8                xputc
 .text.xprintf  0x0800280c      0x122 build_facc_application_stm32l/xprintf.o
                0x0800280c                xprintf
 .text.xsprintf
                0x0800292e      0x13e build_facc_application_stm32l/xprintf.o
                0x0800292e                xsprintf
 .text.set_dymc_output_type
                0x08002a6c       0x14 build_facc_application_stm32l/xprintf.o
                0x08002a6c                set_dymc_output_type
 .text.xdymcprintf
                0x08002a80      0x170 build_facc_application_stm32l/xprintf.o
                0x08002a80                xdymcprintf
 .text.cmd_line_parser
                0x08002bf0       0x7c build_facc_application_stm32l/cmd_line.o
                0x08002bf0                cmd_line_parser
 .text.log_queue_init
                0x08002c6c       0x2e build_facc_application_stm32l/log_queue.o
                0x08002c6c                log_queue_init
 .text.log_queue_len
                0x08002c9a        0x4 build_facc_application_stm32l/log_queue.o
                0x08002c9a                log_queue_len
 .text.log_queue_put
                0x08002c9e       0x58 build_facc_application_stm32l/log_queue.o
                0x08002c9e                log_queue_put
 .text.log_queue_get
                0x08002cf6       0x30 build_facc_application_stm32l/log_queue.o
                0x08002cf6                log_queue_get
 *fill*         0x08002d26        0x2 
 .text.fifo_init
                0x08002d28       0x34 build_facc_application_stm32l/fifo.o
                0x08002d28                fifo_init
 .text.fifo_is_empty
                0x08002d5c        0xa build_facc_application_stm32l/fifo.o
                0x08002d5c                fifo_is_empty
 *fill*         0x08002d66        0x2 
 .text.fifo_put
                0x08002d68       0x40 build_facc_application_stm32l/fifo.o
                0x08002d68                fifo_put
 .text.fifo_get
                0x08002da8       0x44 build_facc_application_stm32l/fifo.o
                0x08002da8                fifo_get
 .text.led_init
                0x08002dec       0x20 build_facc_application_stm32l/led.o
                0x08002dec                led_init
 .text.led_on   0x08002e0c        0xc build_facc_application_stm32l/led.o
                0x08002e0c                led_on
 .text.led_off  0x08002e18        0xc build_facc_application_stm32l/led.o
                0x08002e18                led_off
 .text.led_toggle
                0x08002e24       0x12 build_facc_application_stm32l/led.o
                0x08002e24                led_toggle
 .text.button_init
                0x08002e36       0x32 build_facc_application_stm32l/button.o
                0x08002e36                button_init
 .text.button_enable
                0x08002e68        0x6 build_facc_application_stm32l/button.o
                0x08002e68                button_enable
 .text.button_timer_polling
                0x08002e6e       0x7e build_facc_application_stm32l/button.o
                0x08002e6e                button_timer_polling
 .text.ir_init  0x08002eec       0x1e build_facc_application_stm32l/ir.o
                0x08002eec                ir_init
 .text.ir_decode_callback_register
                0x08002f0a        0xc build_facc_application_stm32l/ir.o
                0x08002f0a                ir_decode_callback_register
 .text.ir_decode_start
                0x08002f16       0x2a build_facc_application_stm32l/ir.o
                0x08002f16                ir_decode_start
 .text.ir_decode_exit
                0x08002f40        0xe build_facc_application_stm32l/ir.o
                0x08002f40                ir_decode_exit
 .text.ir_decode_irq_timer_polling
                0x08002f4e       0x4a build_facc_application_stm32l/ir.o
                0x08002f4e                ir_decode_irq_timer_polling
 .text.ir_decode_irq_rev_io_polling
                0x08002f98       0x6a build_facc_application_stm32l/ir.o
                0x08002f98                ir_decode_irq_rev_io_polling
 .text.ir_send_rawdata
                0x08003002       0xba build_facc_application_stm32l/ir.o
                0x08003002                ir_send_rawdata
 .text.flash_wait_to_idle
                0x080030bc       0x3c build_facc_application_stm32l/flash.o
 .text.flash_set_write_enable.constprop.0
                0x080030f8       0x1a build_facc_application_stm32l/flash.o
 .text.flash_read
                0x08003112       0x4a build_facc_application_stm32l/flash.o
                0x08003112                flash_read
 .text.flash_write
                0x0800315c       0x62 build_facc_application_stm32l/flash.o
                0x0800315c                flash_write
 .text.flash_erase_sector
                0x080031be       0x48 build_facc_application_stm32l/flash.o
                0x080031be                flash_erase_sector
 .text.flash_erase_block_64k
                0x08003206       0x46 build_facc_application_stm32l/flash.o
                0x08003206                flash_erase_block_64k
 .text.flash_erase_full
                0x0800324c       0x26 build_facc_application_stm32l/flash.o
                0x0800324c                flash_erase_full
 *fill*         0x08003272        0x2 
 .text.temp_fuzzy_logic_set
                0x08003274       0xf4 build_facc_application_stm32l/fuzzy_logic.o
                0x08003274                temp_fuzzy_logic_set
 .text.temp_fuzzy_logic_cal
                0x08003368      0x140 build_facc_application_stm32l/fuzzy_logic.o
                0x08003368                temp_fuzzy_logic_cal
 .text.hs1101_init
                0x080034a8       0x14 build_facc_application_stm32l/hs1101.o
                0x080034a8                hs1101_init
 .text.hs1101_read
                0x080034bc       0x42 build_facc_application_stm32l/hs1101.o
                0x080034bc                hs1101_read
 .text.hs1101_irq_timer_polling
                0x080034fe        0xc build_facc_application_stm32l/hs1101.o
                0x080034fe                hs1101_irq_timer_polling
 *fill*         0x0800350a        0x2 
 .text.kalman_filter
                0x0800350c      0x150 build_facc_application_stm32l/kalman.o
                0x0800350c                kalman_filter
 .text.sys_dbg_fatal
                0x0800365c       0xec build_facc_application_stm32l/sys_dbg.o
                0x0800365c                sys_dbg_fatal
 .text.GPIO_Init
                0x08003748       0x78 build_facc_application_stm32l/stm32l1xx_gpio.o
                0x08003748                GPIO_Init
 .text.GPIO_ReadInputDataBit
                0x080037c0        0xc build_facc_application_stm32l/stm32l1xx_gpio.o
                0x080037c0                GPIO_ReadInputDataBit
 .text.GPIO_SetBits
                0x080037cc        0x4 build_facc_application_stm32l/stm32l1xx_gpio.o
                0x080037cc                GPIO_SetBits
 .text.GPIO_ResetBits
                0x080037d0        0x4 build_facc_application_stm32l/stm32l1xx_gpio.o
                0x080037d0                GPIO_ResetBits
 .text.GPIO_PinAFConfig
                0x080037d4       0x24 build_facc_application_stm32l/stm32l1xx_gpio.o
                0x080037d4                GPIO_PinAFConfig
 .text.RCC_HSICmd
                0x080037f8        0xc build_facc_application_stm32l/stm32l1xx_rcc.o
                0x080037f8                RCC_HSICmd
 .text.RCC_LSICmd
                0x08003804        0xc build_facc_application_stm32l/stm32l1xx_rcc.o
                0x08003804                RCC_LSICmd
 .text.RCC_GetClocksFreq
                0x08003810       0xa8 build_facc_application_stm32l/stm32l1xx_rcc.o
                0x08003810                RCC_GetClocksFreq
 .text.RCC_AHBPeriphClockCmd
                0x080038b8       0x18 build_facc_application_stm32l/stm32l1xx_rcc.o
                0x080038b8                RCC_AHBPeriphClockCmd
 .text.RCC_APB2PeriphClockCmd
                0x080038d0       0x18 build_facc_application_stm32l/stm32l1xx_rcc.o
                0x080038d0                RCC_APB2PeriphClockCmd
 .text.RCC_APB1PeriphClockCmd
                0x080038e8       0x18 build_facc_application_stm32l/stm32l1xx_rcc.o
                0x080038e8                RCC_APB1PeriphClockCmd
 .text.RCC_GetFlagStatus
                0x08003900       0x20 build_facc_application_stm32l/stm32l1xx_rcc.o
                0x08003900                RCC_GetFlagStatus
 .text.USART_Init
                0x08003920       0xa4 build_facc_application_stm32l/stm32l1xx_usart.o
                0x08003920                USART_Init
 .text.USART_Cmd
                0x080039c4       0x18 build_facc_application_stm32l/stm32l1xx_usart.o
                0x080039c4                USART_Cmd
 .text.USART_SendData
                0x080039dc        0x8 build_facc_application_stm32l/stm32l1xx_usart.o
                0x080039dc                USART_SendData
 .text.USART_ReceiveData
                0x080039e4        0x8 build_facc_application_stm32l/stm32l1xx_usart.o
                0x080039e4                USART_ReceiveData
 .text.USART_ITConfig
                0x080039ec       0x30 build_facc_application_stm32l/stm32l1xx_usart.o
                0x080039ec                USART_ITConfig
 .text.USART_GetFlagStatus
                0x08003a1c        0xc build_facc_application_stm32l/stm32l1xx_usart.o
                0x08003a1c                USART_GetFlagStatus
 .text.USART_GetITStatus
                0x08003a28       0x40 build_facc_application_stm32l/stm32l1xx_usart.o
                0x08003a28                USART_GetITStatus
 .text.USART_ClearITPendingBit
                0x08003a68       0x10 build_facc_application_stm32l/stm32l1xx_usart.o
                0x08003a68                USART_ClearITPendingBit
 .text.SPI_Init
                0x08003a78       0x3e build_facc_application_stm32l/stm32l1xx_spi.o
                0x08003a78                SPI_Init
 .text.SPI_Cmd  0x08003ab6       0x18 build_facc_application_stm32l/stm32l1xx_spi.o
                0x08003ab6                SPI_Cmd
 .text.SPI_I2S_ReceiveData
                0x08003ace        0x6 build_facc_application_stm32l/stm32l1xx_spi.o
                0x08003ace                SPI_I2S_ReceiveData
 .text.SPI_I2S_SendData
                0x08003ad4        0x4 build_facc_application_stm32l/stm32l1xx_spi.o
                0x08003ad4                SPI_I2S_SendData
 .text.SPI_I2S_GetFlagStatus
                0x08003ad8        0xc build_facc_application_stm32l/stm32l1xx_spi.o
                0x08003ad8                SPI_I2S_GetFlagStatus
 .text.NVIC_PriorityGroupConfig
                0x08003ae4       0x14 build_facc_application_stm32l/misc.o
                0x08003ae4                NVIC_PriorityGroupConfig
 .text.NVIC_Init
                0x08003af8       0x70 build_facc_application_stm32l/misc.o
                0x08003af8                NVIC_Init
 .text.EXTI_Init
                0x08003b68       0x74 build_facc_application_stm32l/stm32l1xx_exti.o
                0x08003b68                EXTI_Init
 .text.EXTI_GetITStatus
                0x08003bdc       0x14 build_facc_application_stm32l/stm32l1xx_exti.o
                0x08003bdc                EXTI_GetITStatus
 .text.EXTI_ClearITPendingBit
                0x08003bf0        0xc build_facc_application_stm32l/stm32l1xx_exti.o
                0x08003bf0                EXTI_ClearITPendingBit
 .text.SYSCFG_EXTILineConfig
                0x08003bfc       0x2a build_facc_application_stm32l/stm32l1xx_syscfg.o
                0x08003bfc                SYSCFG_EXTILineConfig
 *fill*         0x08003c26        0x2 
 .text.SYSCFG_RIIOSwitchConfig
                0x08003c28       0x30 build_facc_application_stm32l/stm32l1xx_syscfg.o
                0x08003c28                SYSCFG_RIIOSwitchConfig
 .text.TI1_Config
                0x08003c58       0x32 build_facc_application_stm32l/stm32l1xx_tim.o
 .text.TI2_Config
                0x08003c8a       0x3a build_facc_application_stm32l/stm32l1xx_tim.o
 .text.TIM_TimeBaseInit
                0x08003cc4       0x58 build_facc_application_stm32l/stm32l1xx_tim.o
                0x08003cc4                TIM_TimeBaseInit
 .text.TIM_ARRPreloadConfig
                0x08003d1c       0x18 build_facc_application_stm32l/stm32l1xx_tim.o
                0x08003d1c                TIM_ARRPreloadConfig
 .text.TIM_Cmd  0x08003d34       0x18 build_facc_application_stm32l/stm32l1xx_tim.o
                0x08003d34                TIM_Cmd
 .text.TIM_OC3Init
                0x08003d4c       0x3e build_facc_application_stm32l/stm32l1xx_tim.o
                0x08003d4c                TIM_OC3Init
 .text.TIM_OC1PreloadConfig
                0x08003d8a       0x10 build_facc_application_stm32l/stm32l1xx_tim.o
                0x08003d8a                TIM_OC1PreloadConfig
 .text.TIM_GetCapture4
                0x08003d9a        0x4 build_facc_application_stm32l/stm32l1xx_tim.o
                0x08003d9a                TIM_GetCapture4
 .text.TIM_SetIC1Prescaler
                0x08003d9e       0x16 build_facc_application_stm32l/stm32l1xx_tim.o
                0x08003d9e                TIM_SetIC1Prescaler
 .text.TIM_SetIC2Prescaler
                0x08003db4       0x1a build_facc_application_stm32l/stm32l1xx_tim.o
                0x08003db4                TIM_SetIC2Prescaler
 .text.TIM_SetIC3Prescaler
                0x08003dce       0x16 build_facc_application_stm32l/stm32l1xx_tim.o
                0x08003dce                TIM_SetIC3Prescaler
 .text.TIM_SetIC4Prescaler
                0x08003de4       0x1a build_facc_application_stm32l/stm32l1xx_tim.o
                0x08003de4                TIM_SetIC4Prescaler
 .text.TIM_ICInit
                0x08003dfe       0xb4 build_facc_application_stm32l/stm32l1xx_tim.o
                0x08003dfe                TIM_ICInit
 .text.TIM_GetITStatus
                0x08003eb2       0x16 build_facc_application_stm32l/stm32l1xx_tim.o
                0x08003eb2                TIM_GetITStatus
 .text.TIM_ClearITPendingBit
                0x08003ec8        0x8 build_facc_application_stm32l/stm32l1xx_tim.o
                0x08003ec8                TIM_ClearITPendingBit
 .text.TIM_DMACmd
                0x08003ed0       0x12 build_facc_application_stm32l/stm32l1xx_tim.o
                0x08003ed0                TIM_DMACmd
 .text.TIM_ITConfig
                0x08003ee2        0x4 build_facc_application_stm32l/stm32l1xx_tim.o
                0x08003ee2                TIM_ITConfig
 .text.TIM_SelectInputTrigger
                0x08003ee6       0x10 build_facc_application_stm32l/stm32l1xx_tim.o
                0x08003ee6                TIM_SelectInputTrigger
 .text.TIM_SelectOutputTrigger
                0x08003ef6       0x16 build_facc_application_stm32l/stm32l1xx_tim.o
                0x08003ef6                TIM_SelectOutputTrigger
 .text.TIM_SelectSlaveMode
                0x08003f0c       0x16 build_facc_application_stm32l/stm32l1xx_tim.o
                0x08003f0c                TIM_SelectSlaveMode
 .text.TIM_SelectMasterSlaveMode
                0x08003f22       0x16 build_facc_application_stm32l/stm32l1xx_tim.o
                0x08003f22                TIM_SelectMasterSlaveMode
 .text.ADC_Init
                0x08003f38       0x4c build_facc_application_stm32l/stm32l1xx_adc.o
                0x08003f38                ADC_Init
 .text.ADC_Cmd  0x08003f84       0x12 build_facc_application_stm32l/stm32l1xx_adc.o
                0x08003f84                ADC_Cmd
 .text.ADC_RegularChannelConfig
                0x08003f96      0x10e build_facc_application_stm32l/stm32l1xx_adc.o
                0x08003f96                ADC_RegularChannelConfig
 .text.ADC_SoftwareStartConv
                0x080040a4        0xa build_facc_application_stm32l/stm32l1xx_adc.o
                0x080040a4                ADC_SoftwareStartConv
 .text.ADC_GetConversionValue
                0x080040ae        0x6 build_facc_application_stm32l/stm32l1xx_adc.o
                0x080040ae                ADC_GetConversionValue
 .text.ADC_GetFlagStatus
                0x080040b4        0xc build_facc_application_stm32l/stm32l1xx_adc.o
                0x080040b4                ADC_GetFlagStatus
 .text.DATA_EEPROM_Unlock
                0x080040c0       0x20 build_facc_application_stm32l/stm32l1xx_flash.o
                0x080040c0                DATA_EEPROM_Unlock
 .text.DATA_EEPROM_Lock
                0x080040e0       0x10 build_facc_application_stm32l/stm32l1xx_flash.o
                0x080040e0                DATA_EEPROM_Lock
 .text.FLASH_ClearFlag
                0x080040f0        0xc build_facc_application_stm32l/stm32l1xx_flash.o
                0x080040f0                FLASH_ClearFlag
 .text.FLASH_GetStatus
                0x080040fc       0x28 build_facc_application_stm32l/stm32l1xx_flash.o
                0x080040fc                FLASH_GetStatus
 .text.FLASH_WaitForLastOperation
                0x08004124       0x38 build_facc_application_stm32l/stm32l1xx_flash.o
                0x08004124                FLASH_WaitForLastOperation
 .text.DATA_EEPROM_EraseWord
                0x0800415c       0x16 build_facc_application_stm32l/stm32l1xx_flash.o
                0x0800415c                DATA_EEPROM_EraseWord
 *fill*         0x08004172        0x2 
 .text.DATA_EEPROM_FastProgramWord
                0x08004174       0x30 build_facc_application_stm32l/stm32l1xx_flash.o
                0x08004174                DATA_EEPROM_FastProgramWord
 .text.DATA_EEPROM_ProgramByte
                0x080041a4       0x4c build_facc_application_stm32l/stm32l1xx_flash.o
                0x080041a4                DATA_EEPROM_ProgramByte
 .text.IWDG_WriteAccessCmd
                0x080041f0        0xc build_facc_application_stm32l/stm32l1xx_iwdg.o
                0x080041f0                IWDG_WriteAccessCmd
 .text.IWDG_SetPrescaler
                0x080041fc        0xc build_facc_application_stm32l/stm32l1xx_iwdg.o
                0x080041fc                IWDG_SetPrescaler
 .text.IWDG_SetReload
                0x08004208        0xc build_facc_application_stm32l/stm32l1xx_iwdg.o
                0x08004208                IWDG_SetReload
 .text.IWDG_ReloadCounter
                0x08004214       0x10 build_facc_application_stm32l/stm32l1xx_iwdg.o
                0x08004214                IWDG_ReloadCounter
 .text.IWDG_Enable
                0x08004224       0x10 build_facc_application_stm32l/stm32l1xx_iwdg.o
                0x08004224                IWDG_Enable
 .text.COMP_Init
                0x08004234       0x24 build_facc_application_stm32l/stm32l1xx_comp.o
                0x08004234                COMP_Init
 .text.COMP_Cmd
                0x08004258       0x18 build_facc_application_stm32l/stm32l1xx_comp.o
                0x08004258                COMP_Cmd
 .text.COMP_WindowCmd
                0x08004270       0x18 build_facc_application_stm32l/stm32l1xx_comp.o
                0x08004270                COMP_WindowCmd
 .text.DAC_Init
                0x08004288       0x2c build_facc_application_stm32l/stm32l1xx_dac.o
                0x08004288                DAC_Init
 .text.DAC_Cmd  0x080042b4       0x20 build_facc_application_stm32l/stm32l1xx_dac.o
                0x080042b4                DAC_Cmd
 .text.DAC_SetChannel1Data
                0x080042d4       0x20 build_facc_application_stm32l/stm32l1xx_dac.o
                0x080042d4                DAC_SetChannel1Data
 .text.disable_interrupts
                0x080042f4        0x4 build_facc_application_stm32l/stm32l.o
                0x080042f4                disable_interrupts
 .text.entry_critical
                0x080042f8       0x14 build_facc_application_stm32l/stm32l.o
                0x080042f8                entry_critical
 .text.exit_critical
                0x0800430c       0x18 build_facc_application_stm32l/stm32l.o
                0x0800430c                exit_critical
 .text.shell_handler
                0x08004324       0x20 build_facc_application_stm32l/system.o
 .text.default_handler
                0x08004344        0xc build_facc_application_stm32l/system.o
                0x08004344                svc_handler
                0x08004344                default_handler
                0x08004344                dg_monitor_handler
                0x08004344                pendsv_handler
 .text.nmi_handler
                0x08004350        0xc build_facc_application_stm32l/system.o
                0x08004350                nmi_handler
 .text.hard_fault_handler
                0x0800435c        0xc build_facc_application_stm32l/system.o
                0x0800435c                hard_fault_handler
 .text.mem_manage_handler
                0x08004368        0xc build_facc_application_stm32l/system.o
                0x08004368                mem_manage_handler
 .text.bus_fault_handler
                0x08004374        0xc build_facc_application_stm32l/system.o
                0x08004374                bus_fault_handler
 .text.usage_fault_handler
                0x08004380        0xc build_facc_application_stm32l/system.o
                0x08004380                usage_fault_handler
 .text.systick_handler
                0x0800438c       0x3c build_facc_application_stm32l/system.o
                0x0800438c                systick_handler
 .text.exti_line1_irq
                0x080043c8       0x1a build_facc_application_stm32l/system.o
                0x080043c8                exti_line1_irq
 .text.exti_line15_irq
                0x080043e2       0x1e build_facc_application_stm32l/system.o
                0x080043e2                exti_line15_irq
 .text.timer6_irq
                0x08004400       0x24 build_facc_application_stm32l/system.o
                0x08004400                timer6_irq
 .text.timer7_irq
                0x08004424       0x24 build_facc_application_stm32l/system.o
                0x08004424                timer7_irq
 .text.timer4_irq
                0x08004448       0x24 build_facc_application_stm32l/system.o
                0x08004448                timer4_irq
 .text.sys_ctrl_delay
                0x0800446c        0x8 build_facc_application_stm32l/system.o
                0x0800446c                sys_ctrl_delay
 .text.reset_handler
                0x08004474       0xbc build_facc_application_stm32l/system.o
                0x08004474                reset_handler
 .text.sys_ctrl_millis
                0x08004530       0x1c build_facc_application_stm32l/system.o
                0x08004530                sys_ctrl_millis
 .text._init    0x0800454c        0x2 build_facc_application_stm32l/system.o
                0x0800454c                _init
 *fill*         0x0800454e        0x2 
 .text.xputchar
                0x08004550       0x1c build_facc_application_stm32l/sys_cfg.o
 .text.sys_cfg_clock
                0x0800456c       0x1a build_facc_application_stm32l/sys_cfg.o
                0x0800456c                sys_cfg_clock
 *fill*         0x08004586        0x2 
 .text.sys_cfg_tick
                0x08004588       0x38 build_facc_application_stm32l/sys_cfg.o
                0x08004588                sys_cfg_tick
 .text.sys_cfg_console
                0x080045c0       0xe0 build_facc_application_stm32l/sys_cfg.o
                0x080045c0                sys_cfg_console
 .text.sys_cfg_update_info
                0x080046a0      0x140 build_facc_application_stm32l/sys_cfg.o
                0x080046a0                sys_cfg_update_info
 .text.sys_ctrl_shell_get_char
                0x080047e0       0x24 build_facc_application_stm32l/sys_cfg.o
                0x080047e0                sys_ctrl_shell_get_char
 .text.sys_ctrl_reset
                0x08004804       0x20 build_facc_application_stm32l/sys_cfg.o
                0x08004804                sys_ctrl_reset
 .text.sys_ctrl_delay_us
                0x08004824       0x28 build_facc_application_stm32l/sys_cfg.o
                0x08004824                sys_ctrl_delay_us
 .text.sys_ctrl_delay_ms
                0x0800484c       0x1a build_facc_application_stm32l/sys_cfg.o
                0x0800484c                sys_ctrl_delay_ms
 .text.sys_ctrl_independent_watchdog_init
                0x08004866       0x2e build_facc_application_stm32l/sys_cfg.o
                0x08004866                sys_ctrl_independent_watchdog_init
 .text.sys_ctrl_independent_watchdog_reset
                0x08004894       0x12 build_facc_application_stm32l/sys_cfg.o
                0x08004894                sys_ctrl_independent_watchdog_reset
 *fill*         0x080048a6        0x2 
 .text.sys_ctrl_soft_watchdog_init
                0x080048a8       0x6c build_facc_application_stm32l/sys_cfg.o
                0x080048a8                sys_ctrl_soft_watchdog_init
 .text.sys_ctrl_soft_watchdog_reset
                0x08004914       0x18 build_facc_application_stm32l/sys_cfg.o
                0x08004914                sys_ctrl_soft_watchdog_reset
 .text.sys_ctrl_soft_watchdog_increase_counter
                0x0800492c       0x28 build_facc_application_stm32l/sys_cfg.o
                0x0800492c                sys_ctrl_soft_watchdog_increase_counter
 .text.sys_ctrl_get_firmware_info
                0x08004954       0x38 build_facc_application_stm32l/sys_cfg.o
                0x08004954                sys_ctrl_get_firmware_info
 .text.io_button_mode_init
                0x0800498c       0x34 build_facc_application_stm32l/io_cfg.o
                0x0800498c                io_button_mode_init
 .text.io_button_up_init
                0x080049c0       0x34 build_facc_application_stm32l/io_cfg.o
                0x080049c0                io_button_up_init
 .text.io_button_down_init
                0x080049f4       0x38 build_facc_application_stm32l/io_cfg.o
                0x080049f4                io_button_down_init
 .text.io_button_mode_read
                0x08004a2c        0xc build_facc_application_stm32l/io_cfg.o
                0x08004a2c                io_button_mode_read
 .text.io_button_up_read
                0x08004a38        0xc build_facc_application_stm32l/io_cfg.o
                0x08004a38                io_button_up_read
 .text.io_button_down_read
                0x08004a44       0x10 build_facc_application_stm32l/io_cfg.o
                0x08004a44                io_button_down_read
 .text.led_life_init
                0x08004a54       0x38 build_facc_application_stm32l/io_cfg.o
                0x08004a54                led_life_init
 .text.led_life_on
                0x08004a8c       0x10 build_facc_application_stm32l/io_cfg.o
                0x08004a8c                led_life_on
 .text.led_life_off
                0x08004a9c       0x10 build_facc_application_stm32l/io_cfg.o
                0x08004a9c                led_life_off
 .text.nrf24l01_io_ctrl_init
                0x08004aac       0xbc build_facc_application_stm32l/io_cfg.o
                0x08004aac                nrf24l01_io_ctrl_init
 .text.nrf24l01_ce_low
                0x08004b68       0x10 build_facc_application_stm32l/io_cfg.o
                0x08004b68                nrf24l01_ce_low
 .text.nrf24l01_ce_high
                0x08004b78       0x10 build_facc_application_stm32l/io_cfg.o
                0x08004b78                nrf24l01_ce_high
 .text.nrf24l01_csn_low
                0x08004b88       0x10 build_facc_application_stm32l/io_cfg.o
                0x08004b88                nrf24l01_csn_low
 .text.nrf24l01_csn_high
                0x08004b98       0x10 build_facc_application_stm32l/io_cfg.o
                0x08004b98                nrf24l01_csn_high
 .text.flash_io_ctrl_init
                0x08004ba8       0x38 build_facc_application_stm32l/io_cfg.o
                0x08004ba8                flash_io_ctrl_init
 .text.flash_cs_low
                0x08004be0       0x10 build_facc_application_stm32l/io_cfg.o
                0x08004be0                flash_cs_low
 .text.flash_cs_high
                0x08004bf0       0x10 build_facc_application_stm32l/io_cfg.o
                0x08004bf0                flash_cs_high
 .text.flash_transfer
                0x08004c00       0x34 build_facc_application_stm32l/io_cfg.o
                0x08004c00                flash_transfer
 .text.timer_50us_init
                0x08004c34       0x60 build_facc_application_stm32l/io_cfg.o
                0x08004c34                timer_50us_init
 .text.timer_50us_enable
                0x08004c94       0x1c build_facc_application_stm32l/io_cfg.o
                0x08004c94                timer_50us_enable
 .text.timer_50us_disable
                0x08004cb0       0x1c build_facc_application_stm32l/io_cfg.o
                0x08004cb0                timer_50us_disable
 .text.ir_rev_io_init
                0x08004ccc       0x70 build_facc_application_stm32l/io_cfg.o
                0x08004ccc                ir_rev_io_init
 .text.ir_rev_io_irq_disable
                0x08004d3c       0x24 build_facc_application_stm32l/io_cfg.o
                0x08004d3c                ir_rev_io_irq_disable
 .text.ir_rev_io_irq_enable
                0x08004d60       0x26 build_facc_application_stm32l/io_cfg.o
                0x08004d60                ir_rev_io_irq_enable
 *fill*         0x08004d86        0x2 
 .text.ir_carrier_freq_init
                0x08004d88       0xa8 build_facc_application_stm32l/io_cfg.o
                0x08004d88                ir_carrier_freq_init
 .text.ir_carrier_freq_on
                0x08004e30       0x18 build_facc_application_stm32l/io_cfg.o
                0x08004e30                ir_carrier_freq_on
 .text.ir_carrier_freq_off
                0x08004e48       0x18 build_facc_application_stm32l/io_cfg.o
                0x08004e48                ir_carrier_freq_off
 .text.ir_dir_io_config
                0x08004e60       0x60 build_facc_application_stm32l/io_cfg.o
                0x08004e60                ir_dir_io_config
 .text.ir_select_direction
                0x08004ec0       0x60 build_facc_application_stm32l/io_cfg.o
                0x08004ec0                ir_select_direction
 .text.sht1x_clk_input_mode
                0x08004f20       0x38 build_facc_application_stm32l/io_cfg.o
                0x08004f20                sht1x_clk_input_mode
 .text.sht1x_clk_output_mode
                0x08004f58       0x38 build_facc_application_stm32l/io_cfg.o
                0x08004f58                sht1x_clk_output_mode
 .text.sht1x_clk_digital_write_low
                0x08004f90       0x10 build_facc_application_stm32l/io_cfg.o
                0x08004f90                sht1x_clk_digital_write_low
 .text.sht1x_clk_digital_write_high
                0x08004fa0       0x10 build_facc_application_stm32l/io_cfg.o
                0x08004fa0                sht1x_clk_digital_write_high
 .text.sht1x_data_input_mode
                0x08004fb0       0x38 build_facc_application_stm32l/io_cfg.o
                0x08004fb0                sht1x_data_input_mode
 .text.sht1x_data_output_mode
                0x08004fe8       0x38 build_facc_application_stm32l/io_cfg.o
                0x08004fe8                sht1x_data_output_mode
 .text.sht1x_data_digital_write_low
                0x08005020       0x10 build_facc_application_stm32l/io_cfg.o
                0x08005020                sht1x_data_digital_write_low
 .text.sht1x_data_digital_write_high
                0x08005030       0x10 build_facc_application_stm32l/io_cfg.o
                0x08005030                sht1x_data_digital_write_high
 .text.sht1x_data_digital_read
                0x08005040       0x14 build_facc_application_stm32l/io_cfg.o
                0x08005040                sht1x_data_digital_read
 .text.ds1302_ce_input_mode
                0x08005054       0x34 build_facc_application_stm32l/io_cfg.o
                0x08005054                ds1302_ce_input_mode
 .text.ds1302_ce_output_mode
                0x08005088       0x34 build_facc_application_stm32l/io_cfg.o
                0x08005088                ds1302_ce_output_mode
 .text.ds1302_ce_digital_write_low
                0x080050bc        0xc build_facc_application_stm32l/io_cfg.o
                0x080050bc                ds1302_ce_digital_write_low
 .text.ds1302_ce_digital_write_high
                0x080050c8        0xc build_facc_application_stm32l/io_cfg.o
                0x080050c8                ds1302_ce_digital_write_high
 .text.ds1302_clk_input_mode
                0x080050d4       0x38 build_facc_application_stm32l/io_cfg.o
                0x080050d4                ds1302_clk_input_mode
 .text.ds1302_clk_output_mode
                0x0800510c       0x38 build_facc_application_stm32l/io_cfg.o
                0x0800510c                ds1302_clk_output_mode
 .text.ds1302_clk_digital_write_low
                0x08005144       0x10 build_facc_application_stm32l/io_cfg.o
                0x08005144                ds1302_clk_digital_write_low
 .text.ds1302_clk_digital_write_high
                0x08005154       0x10 build_facc_application_stm32l/io_cfg.o
                0x08005154                ds1302_clk_digital_write_high
 .text.ds1302_data_input_mode
                0x08005164       0x34 build_facc_application_stm32l/io_cfg.o
                0x08005164                ds1302_data_input_mode
 .text.ds1302_data_output_mode
                0x08005198       0x34 build_facc_application_stm32l/io_cfg.o
                0x08005198                ds1302_data_output_mode
 .text.ds1302_data_digital_write_low
                0x080051cc        0xc build_facc_application_stm32l/io_cfg.o
                0x080051cc                ds1302_data_digital_write_low
 .text.ds1302_data_digital_write_high
                0x080051d8        0xc build_facc_application_stm32l/io_cfg.o
                0x080051d8                ds1302_data_digital_write_high
 .text.ds1302_data_digital_read
                0x080051e4        0xc build_facc_application_stm32l/io_cfg.o
                0x080051e4                ds1302_data_digital_read
 .text.io_cfg_dac_hs1101
                0x080051f0       0x36 build_facc_application_stm32l/io_cfg.o
                0x080051f0                io_cfg_dac_hs1101
 *fill*         0x08005226        0x2 
 .text.io_cfg_comp_hs1101
                0x08005228       0x78 build_facc_application_stm32l/io_cfg.o
                0x08005228                io_cfg_comp_hs1101
 .text.io_cfg_timer3_hs1101
                0x080052a0       0xc8 build_facc_application_stm32l/io_cfg.o
                0x080052a0                io_cfg_timer3_hs1101
 .text.io_cfg_timer4_hs1101
                0x08005368       0x9c build_facc_application_stm32l/io_cfg.o
                0x08005368                io_cfg_timer4_hs1101
 .text.io_timer4_get_capture
                0x08005404        0xc build_facc_application_stm32l/io_cfg.o
                0x08005404                io_timer4_get_capture
 .text.io_hs1101_read_enable
                0x08005410       0x40 build_facc_application_stm32l/io_cfg.o
                0x08005410                io_hs1101_read_enable
 .text.io_cfg_adc1
                0x08005450       0x4c build_facc_application_stm32l/io_cfg.o
                0x08005450                io_cfg_adc1
 .text.adc_ct_io_cfg
                0x0800549c       0x2c build_facc_application_stm32l/io_cfg.o
                0x0800549c                adc_ct_io_cfg
 .text.adc_thermistor_io_cfg
                0x080054c8       0x2c build_facc_application_stm32l/io_cfg.o
                0x080054c8                adc_thermistor_io_cfg
 .text.adc_thermistor_io_read
                0x080054f4       0x3c build_facc_application_stm32l/io_cfg.o
                0x080054f4                adc_thermistor_io_read
 .text.adc_ct_io_read
                0x08005530        0x4 build_facc_application_stm32l/io_cfg.o
                0x08005530                adc_ct_io_read
 .text.ssd1306_clk_input_mode
                0x08005534       0x38 build_facc_application_stm32l/io_cfg.o
                0x08005534                ssd1306_clk_input_mode
 .text.ssd1306_clk_output_mode
                0x0800556c       0x38 build_facc_application_stm32l/io_cfg.o
                0x0800556c                ssd1306_clk_output_mode
 .text.ssd1306_clk_digital_write_low
                0x080055a4       0x10 build_facc_application_stm32l/io_cfg.o
                0x080055a4                ssd1306_clk_digital_write_low
 .text.ssd1306_clk_digital_write_high
                0x080055b4       0x10 build_facc_application_stm32l/io_cfg.o
                0x080055b4                ssd1306_clk_digital_write_high
 .text.ssd1306_data_input_mode
                0x080055c4       0x38 build_facc_application_stm32l/io_cfg.o
                0x080055c4                ssd1306_data_input_mode
 .text.ssd1306_data_output_mode
                0x080055fc       0x38 build_facc_application_stm32l/io_cfg.o
                0x080055fc                ssd1306_data_output_mode
 .text.ssd1306_data_digital_write_low
                0x08005634       0x10 build_facc_application_stm32l/io_cfg.o
                0x08005634                ssd1306_data_digital_write_low
 .text.ssd1306_data_digital_write_high
                0x08005644       0x10 build_facc_application_stm32l/io_cfg.o
                0x08005644                ssd1306_data_digital_write_high
 .text.ssd1306_data_digital_read
                0x08005654       0x14 build_facc_application_stm32l/io_cfg.o
                0x08005654                ssd1306_data_digital_read
 .text.io_eeprom_read
                0x08005668       0x34 build_facc_application_stm32l/io_cfg.o
                0x08005668                io_eeprom_read
 .text.io_eeprom_write
                0x0800569c       0x4c build_facc_application_stm32l/io_cfg.o
                0x0800569c                io_eeprom_write
 .text.io_eeprom_erase
                0x080056e8       0x50 build_facc_application_stm32l/io_cfg.o
                0x080056e8                io_eeprom_erase
 .text.SystemInit
                0x08005738      0x11c build_facc_application_stm32l/system_stm32l1xx.o
                0x08005738                SystemInit
 .text.SystemCoreClockUpdate
                0x08005854       0x94 build_facc_application_stm32l/system_stm32l1xx.o
                0x08005854                SystemCoreClockUpdate
 .text.main_app
                0x080058e8      0x230 build_facc_application_stm32l/app.o
                0x080058e8                main_app
 .text.sys_irq_timer_10ms
                0x08005b18       0x24 build_facc_application_stm32l/app.o
                0x08005b18                sys_irq_timer_10ms
 .text.sys_irq_timer_50us
                0x08005b3c        0xc build_facc_application_stm32l/app.o
                0x08005b3c                sys_irq_timer_50us
 .text.sys_irq_timer_hs1101
                0x08005b48        0xc build_facc_application_stm32l/app.o
                0x08005b48                sys_irq_timer_hs1101
 .text.sys_irq_ir_io_rev
                0x08005b54        0xc build_facc_application_stm32l/app.o
                0x08005b54                sys_irq_ir_io_rev
 .text._ZL21view_scr_setting_busyv
                0x08005b60       0x48 build_facc_application_stm32l/app_screen.o
 .text._ZL24view_scr_firmware_updatev
                0x08005ba8       0x60 build_facc_application_stm32l/app_screen.o
 .text._ZL32view_scr_settings_calib_temp_humv
                0x08005c08       0x34 build_facc_application_stm32l/app_screen.o
 .text._ZL40view_scr_settings_air_current_auto_calibv
                0x08005c3c       0x60 build_facc_application_stm32l/app_screen.o
 .text._ZL32view_scr_settings_ir_rec_warningv
                0x08005c9c       0x60 build_facc_application_stm32l/app_screen.o
 .text._ZL25view_scr_settings_air_numv
                0x08005cfc       0x34 build_facc_application_stm32l/app_screen.o
 .text._ZL32view_scr_settings_air_time_rangev
                0x08005d30       0x34 build_facc_application_stm32l/app_screen.o
 .text._ZL35view_scr_settings_init_data_warningv
                0x08005d64       0x60 build_facc_application_stm32l/app_screen.o
 .text._Z27view_scr_settings_ir_rec_onv
                0x08005dc4       0x34 build_facc_application_stm32l/app_screen.o
                0x08005dc4                view_scr_settings_ir_rec_on()
 .text._Z32view_scr_settings_ir_rec_on_failv
                0x08005df8       0x48 build_facc_application_stm32l/app_screen.o
                0x08005df8                view_scr_settings_ir_rec_on_fail()
 .text._Z34view_scr_settings_ir_rec_on_savingv
                0x08005e40       0x48 build_facc_application_stm32l/app_screen.o
                0x08005e40                view_scr_settings_ir_rec_on_saving()
 .text._Z28view_scr_settings_ir_rec_offv
                0x08005e88       0x34 build_facc_application_stm32l/app_screen.o
                0x08005e88                view_scr_settings_ir_rec_off()
 .text._Z33view_scr_settings_ir_rec_off_failv
                0x08005ebc       0x48 build_facc_application_stm32l/app_screen.o
                0x08005ebc                view_scr_settings_ir_rec_off_fail()
 .text._Z35view_scr_settings_ir_rec_off_savingv
                0x08005f04       0x48 build_facc_application_stm32l/app_screen.o
                0x08005f04                view_scr_settings_ir_rec_off_saving()
 .text._ZL32view_scr_settings_system_presentv
                0x08005f4c       0xe0 build_facc_application_stm32l/app_screen.o
 .text._ZL29view_scr_settings_air_currentv
                0x0800602c      0x158 build_facc_application_stm32l/app_screen.o
 .text._ZL23view_scr_cursor_up_downv
                0x08006184       0x3c build_facc_application_stm32l/app_screen.o
 .text._ZL13view_scr_mainv
                0x080061c0      0x22c build_facc_application_stm32l/app_screen.o
 .text._ZL30view_scr_settings_ir_test_autov
                0x080063ec       0x70 build_facc_application_stm32l/app_screen.o
 .text._ZL33view_scr_settings_init_data_startv
                0x0800645c       0x48 build_facc_application_stm32l/app_screen.o
 .text.rf_printf
                0x080064a4       0x50 build_facc_application_stm32l/rf_remote_ctrl.o
                0x080064a4                rf_printf
 .text._ZL10shell_helpPh
                0x080064f4       0x30 build_facc_application_stm32l/shell.o
 .text._ZL9shell_epsPh
                0x08006524       0xc8 build_facc_application_stm32l/shell.o
 .text._ZL12shell_statusPh
                0x080065ec      0x238 build_facc_application_stm32l/shell.o
 .text._ZL11shell_fatalPh
                0x08006824      0x14c build_facc_application_stm32l/shell.o
 .text._ZL9shell_epiPh
                0x08006970       0x16 build_facc_application_stm32l/shell.o
 .text._ZL12shell_rebootPh
                0x08006986        0xa build_facc_application_stm32l/shell.o
 .text._ZL9shell_verPh
                0x08006990       0x3c build_facc_application_stm32l/shell.o
 .text._ZL11shell_resetPh
                0x080069cc       0x10 build_facc_application_stm32l/shell.o
 .text._ZL11shell_flashPh
                0x080069dc       0x2c build_facc_application_stm32l/shell.o
 .text.sys_irq_shell
                0x08006a08       0x64 build_facc_application_stm32l/task_shell.o
                0x08006a08                sys_irq_shell
 .text._Z10task_shellP8ak_msg_t
                0x08006a6c       0x7c build_facc_application_stm32l/task_shell.o
                0x08006a6c                task_shell(ak_msg_t*)
 .text._Z9task_lifeP8ak_msg_t
                0x08006ae8       0x20 build_facc_application_stm32l/task_life.o
                0x08006ae8                task_life(ak_msg_t*)
 .text._Z7task_ifP8ak_msg_t
                0x08006b08       0x48 build_facc_application_stm32l/task_if.o
                0x08006b08                task_if(ak_msg_t*)
 .text.sys_irq_nrf24l01
                0x08006b50       0x60 build_facc_application_stm32l/task_gw_if.o
                0x08006b50                sys_irq_nrf24l01
 .text._Z10task_gw_ifP8ak_msg_t
                0x08006bb0      0x220 build_facc_application_stm32l/task_gw_if.o
                0x08006bb0                task_gw_if(ak_msg_t*)
 .text.startup._GLOBAL__sub_I_nrf24l01
                0x08006dd0       0x24 build_facc_application_stm32l/task_gw_if.o
 .text._Z9task_timeP8ak_msg_t
                0x08006df4      0x29c build_facc_application_stm32l/task_time.o
                0x08006df4                task_time(ak_msg_t*)
 .text.startup._GLOBAL__sub_I_rtc
                0x08007090        0xc build_facc_application_stm32l/task_time.o
 .text._Z13sm_state_idleP8ak_msg_t
                0x0800709c       0x7c build_facc_application_stm32l/task_sm.o
                0x0800709c                sm_state_idle(ak_msg_t*)
 .text._Z16sm_state_settingP8ak_msg_t
                0x08007118       0x34 build_facc_application_stm32l/task_sm.o
                0x08007118                sm_state_setting(ak_msg_t*)
 .text._Z24sm_state_firmware_updateP8ak_msg_t
                0x0800714c       0x40 build_facc_application_stm32l/task_sm.o
                0x0800714c                sm_state_firmware_update(ak_msg_t*)
 .text._Z19sm_state_requestingP8ak_msg_t
                0x0800718c      0x100 build_facc_application_stm32l/task_sm.o
                0x0800718c                sm_state_requesting(ak_msg_t*)
 .text._Z7task_smP8ak_msg_t
                0x0800728c        0xc build_facc_application_stm32l/task_sm.o
                0x0800728c                task_sm(ak_msg_t*)
 .text._ZL15callback_ir_offPv
                0x08007298       0x52 build_facc_application_stm32l/task_ir.o
 .text._ZL14callback_ir_onPv
                0x080072ea       0x50 build_facc_application_stm32l/task_ir.o
 *fill*         0x0800733a        0x2 
 .text._Z7task_irP8ak_msg_t
                0x0800733c      0x44c build_facc_application_stm32l/task_ir.o
                0x0800733c                task_ir(ak_msg_t*)
 .text._ZL19get_sensor_data_reqh
                0x08007788      0x134 build_facc_application_stm32l/task_sensor.o
 .text._Z11task_sensorP8ak_msg_t
                0x080078bc      0x114 build_facc_application_stm32l/task_sensor.o
                0x080078bc                task_sensor(ak_msg_t*)
 .text.startup._GLOBAL__sub_I_thermistor
                0x080079d0       0x20 build_facc_application_stm32l/task_sensor.o
 .text._Z13ctrl_scr_homeP8ak_msg_t
                0x080079f0       0xf8 build_facc_application_stm32l/task_ui.o
                0x080079f0                ctrl_scr_home(ak_msg_t*)
 .text._Z29ctrl_scr_setting_ir_test_handP8ak_msg_t
                0x08007ae8       0xc0 build_facc_application_stm32l/task_ui.o
                0x08007ae8                ctrl_scr_setting_ir_test_hand(ak_msg_t*)
 .text._Z27ctrl_scr_setting_ir_rec_offP8ak_msg_t
                0x08007ba8       0xec build_facc_application_stm32l/task_ui.o
                0x08007ba8                ctrl_scr_setting_ir_rec_off(ak_msg_t*)
 .text._Z32ctrl_scr_settings_system_presentP8ak_msg_t
                0x08007c94       0x30 build_facc_application_stm32l/task_ui.o
                0x08007c94                ctrl_scr_settings_system_present(ak_msg_t*)
 .text._Z11ctrl_scr_irP8ak_msg_t
                0x08007cc4       0x3c build_facc_application_stm32l/task_ui.o
                0x08007cc4                ctrl_scr_ir(ak_msg_t*)
 .text._Z19ctrl_scr_setting_irP8ak_msg_t
                0x08007d00       0x70 build_facc_application_stm32l/task_ui.o
                0x08007d00                ctrl_scr_setting_ir(ak_msg_t*)
 .text._Z23ctrl_scr_setting_ir_recP8ak_msg_t
                0x08007d70       0x7c build_facc_application_stm32l/task_ui.o
                0x08007d70                ctrl_scr_setting_ir_rec(ak_msg_t*)
 .text._Z24ctrl_scr_setting_ir_testP8ak_msg_t
                0x08007dec       0x70 build_facc_application_stm32l/task_ui.o
                0x08007dec                ctrl_scr_setting_ir_test(ak_msg_t*)
 .text._Z29ctrl_scr_setting_ir_test_autoP8ak_msg_t
                0x08007e5c       0x38 build_facc_application_stm32l/task_ui.o
                0x08007e5c                ctrl_scr_setting_ir_test_auto(ak_msg_t*)
 .text._Z13ctrl_scr_tempP8ak_msg_t
                0x08007e94       0x3c build_facc_application_stm32l/task_ui.o
                0x08007e94                ctrl_scr_temp(ak_msg_t*)
 .text._Z12ctrl_scr_airP8ak_msg_t
                0x08007ed0       0x3c build_facc_application_stm32l/task_ui.o
                0x08007ed0                ctrl_scr_air(ak_msg_t*)
 .text._Z20ctrl_scr_setting_airP8ak_msg_t
                0x08007f0c       0x70 build_facc_application_stm32l/task_ui.o
                0x08007f0c                ctrl_scr_setting_air(ak_msg_t*)
 .text._Z16ctrl_scr_defaultP8ak_msg_t
                0x08007f7c       0x3c build_facc_application_stm32l/task_ui.o
                0x08007f7c                ctrl_scr_default(ak_msg_t*)
 .text._Z18ctrl_scr_init_dataP8ak_msg_t
                0x08007fb8       0x24 build_facc_application_stm32l/task_ui.o
                0x08007fb8                ctrl_scr_init_data(ak_msg_t*)
 .text._Z19ui_state_display_onP8ak_msg_t
                0x08007fdc       0xdc build_facc_application_stm32l/task_ui.o
                0x08007fdc                ui_state_display_on(ak_msg_t*)
 .text._Z20ui_state_display_offP8ak_msg_t
                0x080080b8       0x30 build_facc_application_stm32l/task_ui.o
                0x080080b8                ui_state_display_off(ak_msg_t*)
 .text._Z33ctrl_scr_settings_firmware_updateP8ak_msg_t.part.15
                0x080080e8       0x16 build_facc_application_stm32l/task_ui.o
 .text._Z29ctrl_scr_settings_system_busyP8ak_msg_t
                0x080080fe       0x1e build_facc_application_stm32l/task_ui.o
                0x080080fe                ctrl_scr_settings_system_busy(ak_msg_t*)
 .text._Z13ctrl_scr_exitP8ak_msg_t
                0x0800811c       0x34 build_facc_application_stm32l/task_ui.o
                0x0800811c                ctrl_scr_exit(ak_msg_t*)
 .text._Z33ctrl_scr_settings_firmware_updateP8ak_msg_t
                0x08008150       0x18 build_facc_application_stm32l/task_ui.o
                0x08008150                ctrl_scr_settings_firmware_update(ak_msg_t*)
 .text._Z29ctrl_scr_settings_air_currentP8ak_msg_t
                0x08008168       0x90 build_facc_application_stm32l/task_ui.o
                0x08008168                ctrl_scr_settings_air_current(ak_msg_t*)
 .text._Z33ctrl_scr_settings_air_current_setP8ak_msg_t
                0x080081f8       0x84 build_facc_application_stm32l/task_ui.o
                0x080081f8                ctrl_scr_settings_air_current_set(ak_msg_t*)
 .text._Z43ctrl_scr_settings_air_current_set_auto_failP8ak_msg_t
                0x0800827c       0x48 build_facc_application_stm32l/task_ui.o
                0x0800827c                ctrl_scr_settings_air_current_set_auto_fail(ak_msg_t*)
 .text._Z26ctrl_scr_setting_ir_rec_onP8ak_msg_t
                0x080082c4       0xa0 build_facc_application_stm32l/task_ui.o
                0x080082c4                ctrl_scr_setting_ir_rec_on(ak_msg_t*)
 .text._Z17btn_mode_callbackPv
                0x08008364       0x3a build_facc_application_stm32l/task_ui.o
                0x08008364                btn_mode_callback(void*)
 .text._Z15btn_up_callbackPv
                0x0800839e       0x1e build_facc_application_stm32l/task_ui.o
                0x0800839e                btn_up_callback(void*)
 .text._Z17btn_down_callbackPv
                0x080083bc       0x1e build_facc_application_stm32l/task_ui.o
                0x080083bc                btn_down_callback(void*)
 *fill*         0x080083da        0x2 
 .text._Z7task_uiP8ak_msg_t
                0x080083dc        0xc build_facc_application_stm32l/task_ui.o
                0x080083dc                task_ui(ak_msg_t*)
 .text._Z20increase_current_airh
                0x080083e8       0x1c build_facc_application_stm32l/task_ui.o
                0x080083e8                increase_current_air(unsigned char)
 .text._Z20decrease_current_airh
                0x08008404       0x24 build_facc_application_stm32l/task_ui.o
                0x08008404                decrease_current_air(unsigned char)
 .text._Z19setting_current_airv
                0x08008428       0x16 build_facc_application_stm32l/task_ui.o
                0x08008428                setting_current_air()
 *fill*         0x0800843e        0x2 
 .text._Z38ctrl_scr_settings_air_current_set_autoP8ak_msg_t
                0x08008440      0x2cc build_facc_application_stm32l/task_ui.o
                0x08008440                ctrl_scr_settings_air_current_set_auto(ak_msg_t*)
 .text._Z38ctrl_scr_settings_air_current_set_handP8ak_msg_t
                0x0800870c      0x128 build_facc_application_stm32l/task_ui.o
                0x0800870c                ctrl_scr_settings_air_current_set_hand(ak_msg_t*)
 .text._Z22invert_operations_tempv
                0x08008834       0x10 build_facc_application_stm32l/task_ui.o
                0x08008834                invert_operations_temp()
 .text._Z21invert_operations_humv
                0x08008844       0x10 build_facc_application_stm32l/task_ui.o
                0x08008844                invert_operations_hum()
 .text._Z19increase_temp_calibv
                0x08008854       0x18 build_facc_application_stm32l/task_ui.o
                0x08008854                increase_temp_calib()
 .text._Z19decrease_temp_calibv
                0x0800886c       0x18 build_facc_application_stm32l/task_ui.o
                0x0800886c                decrease_temp_calib()
 .text._Z18increase_hum_calibv
                0x08008884       0x18 build_facc_application_stm32l/task_ui.o
                0x08008884                increase_hum_calib()
 .text._Z18decrease_hum_calibv
                0x0800889c       0x18 build_facc_application_stm32l/task_ui.o
                0x0800889c                decrease_hum_calib()
 .text._Z12read_ds_1302v
                0x080088b4       0x68 build_facc_application_stm32l/task_ui.o
                0x080088b4                read_ds_1302()
 .text._Z13ctrl_scr_timeP8ak_msg_t
                0x0800891c       0x48 build_facc_application_stm32l/task_ui.o
                0x0800891c                ctrl_scr_time(ak_msg_t*)
 .text._Z23increase_real_time_hourv
                0x08008964       0x18 build_facc_application_stm32l/task_ui.o
                0x08008964                increase_real_time_hour()
 .text._Z23decrease_real_time_hourv
                0x0800897c       0x18 build_facc_application_stm32l/task_ui.o
                0x0800897c                decrease_real_time_hour()
 .text._Z22increase_real_time_minv
                0x08008994       0x18 build_facc_application_stm32l/task_ui.o
                0x08008994                increase_real_time_min()
 .text._Z22decrease_real_time_minv
                0x080089ac       0x18 build_facc_application_stm32l/task_ui.o
                0x080089ac                decrease_real_time_min()
 .text._Z23increase_real_time_datev
                0x080089c4       0x18 build_facc_application_stm32l/task_ui.o
                0x080089c4                increase_real_time_date()
 .text._Z23decrease_real_time_datev
                0x080089dc       0x18 build_facc_application_stm32l/task_ui.o
                0x080089dc                decrease_real_time_date()
 .text._Z22increase_real_time_monv
                0x080089f4       0x18 build_facc_application_stm32l/task_ui.o
                0x080089f4                increase_real_time_mon()
 .text._Z22decrease_real_time_monv
                0x08008a0c       0x18 build_facc_application_stm32l/task_ui.o
                0x08008a0c                decrease_real_time_mon()
 .text._Z23increase_real_time_yearv
                0x08008a24       0x18 build_facc_application_stm32l/task_ui.o
                0x08008a24                increase_real_time_year()
 .text._Z23decrease_real_time_yearv
                0x08008a3c       0x18 build_facc_application_stm32l/task_ui.o
                0x08008a3c                decrease_real_time_year()
 .text._Z21setting_real_time_dmyv
                0x08008a54       0x58 build_facc_application_stm32l/task_ui.o
                0x08008a54                setting_real_time_dmy()
 .text._Z21ctrl_scr_setting_timeP8ak_msg_t
                0x08008aac      0x164 build_facc_application_stm32l/task_ui.o
                0x08008aac                ctrl_scr_setting_time(ak_msg_t*)
 .text._Z22increase_temp_air_coolv
                0x08008c10       0x18 build_facc_application_stm32l/task_ui.o
                0x08008c10                increase_temp_air_cool()
 .text._Z22decrease_temp_air_coolv
                0x08008c28       0x18 build_facc_application_stm32l/task_ui.o
                0x08008c28                decrease_temp_air_cool()
 .text._Z21tran_temp_cool_normalv
                0x08008c40       0x14 build_facc_application_stm32l/task_ui.o
                0x08008c40                tran_temp_cool_normal()
 .text._Z24increase_temp_air_normalv
                0x08008c54       0x1c build_facc_application_stm32l/task_ui.o
                0x08008c54                increase_temp_air_normal()
 .text._Z24decrease_temp_air_normalv
                0x08008c70       0x20 build_facc_application_stm32l/task_ui.o
                0x08008c70                decrease_temp_air_normal()
 .text._Z20tran_temp_normal_hotv
                0x08008c90       0x14 build_facc_application_stm32l/task_ui.o
                0x08008c90                tran_temp_normal_hot()
 .text._Z21increase_temp_air_hotv
                0x08008ca4       0x1c build_facc_application_stm32l/task_ui.o
                0x08008ca4                increase_temp_air_hot()
 .text._Z21decrease_temp_air_hotv
                0x08008cc0       0x20 build_facc_application_stm32l/task_ui.o
                0x08008cc0                decrease_temp_air_hot()
 .text._Z18tran_temp_hot_backv
                0x08008ce0       0x24 build_facc_application_stm32l/task_ui.o
                0x08008ce0                tran_temp_hot_back()
 .text._Z16setting_temp_airv
                0x08008d04       0x16 build_facc_application_stm32l/task_ui.o
                0x08008d04                setting_temp_air()
 *fill*         0x08008d1a        0x2 
 .text._Z21ctrl_scr_setting_tempP8ak_msg_t
                0x08008d1c      0x130 build_facc_application_stm32l/task_ui.o
                0x08008d1c                ctrl_scr_setting_temp(ak_msg_t*)
 .text._Z23increase_total_air_condv
                0x08008e4c       0x18 build_facc_application_stm32l/task_ui.o
                0x08008e4c                increase_total_air_cond()
 .text._Z23decrease_total_air_condv
                0x08008e64       0x1c build_facc_application_stm32l/task_ui.o
                0x08008e64                decrease_total_air_cond()
 .text._Z22increase_alternate_airv
                0x08008e80       0x1c build_facc_application_stm32l/task_ui.o
                0x08008e80                increase_alternate_air()
 .text._Z22decrease_alternate_airv
                0x08008e9c       0x18 build_facc_application_stm32l/task_ui.o
                0x08008e9c                decrease_alternate_air()
 .text._Z17setting_total_airv
                0x08008eb4       0x16 build_facc_application_stm32l/task_ui.o
                0x08008eb4                setting_total_air()
 *fill*         0x08008eca        0x2 
 .text._Z26ctrl_scr_setting_total_airP8ak_msg_t
                0x08008ecc       0xf4 build_facc_application_stm32l/task_ui.o
                0x08008ecc                ctrl_scr_setting_total_air(ak_msg_t*)
 .text._Z18increase_timer_airv
                0x08008fc0       0x18 build_facc_application_stm32l/task_ui.o
                0x08008fc0                increase_timer_air()
 .text._Z18decrease_timer_airv
                0x08008fd8       0x1c build_facc_application_stm32l/task_ui.o
                0x08008fd8                decrease_timer_air()
 .text._Z17setting_timer_airv
                0x08008ff4       0x16 build_facc_application_stm32l/task_ui.o
                0x08008ff4                setting_timer_air()
 *fill*         0x0800900a        0x2 
 .text._Z26ctrl_scr_setting_timer_airP8ak_msg_t
                0x0800900c       0xb4 build_facc_application_stm32l/task_ui.o
                0x0800900c                ctrl_scr_setting_timer_air(ak_msg_t*)
 .text._Z31ctrl_scr_setting_calib_temp_humP8ak_msg_t
                0x080090c0      0x170 build_facc_application_stm32l/task_ui.o
                0x080090c0                ctrl_scr_setting_calib_temp_hum(ak_msg_t*)
 .text._Z17setting_init_datav
                0x08009230       0x24 build_facc_application_stm32l/task_ui.o
                0x08009230                setting_init_data()
 .text._Z24ctrl_scr_setting_defaultP8ak_msg_t
                0x08009254       0x68 build_facc_application_stm32l/task_ui.o
                0x08009254                ctrl_scr_setting_default(ak_msg_t*)
 .text.startup._GLOBAL__sub_I_lcd
                0x080092bc        0xc build_facc_application_stm32l/task_ui.o
 .text.exit._GLOBAL__sub_D_lcd
                0x080092c8        0xc build_facc_application_stm32l/task_ui.o
 .text._ZL20is_setting_app_valibP13app_setting_t
                0x080092d4       0x1c build_facc_application_stm32l/task_setting.o
 .text._Z12task_settingP8ak_msg_t
                0x080092f0      0x218 build_facc_application_stm32l/task_setting.o
                0x080092f0                task_setting(ak_msg_t*)
 .text._Z13task_firmwareP8ak_msg_t
                0x08009508      0x1e8 build_facc_application_stm32l/task_firmware.o
                0x08009508                task_firmware(ak_msg_t*)
 .text._ZL19view_render_dynamicPv
                0x080096f0        0xa build_facc_application_stm32l/view_render.o
 *fill*         0x080096fa        0x2 
 .text._Z22view_render_display_onv
                0x080096fc        0xc build_facc_application_stm32l/view_render.o
                0x080096fc                view_render_display_on()
 .text._Z23view_render_display_offv
                0x08009708        0xc build_facc_application_stm32l/view_render.o
                0x08009708                view_render_display_off()
 .text.startup._GLOBAL__sub_I_view_render
                0x08009714        0xc build_facc_application_stm32l/view_render.o
 .text.exit._GLOBAL__sub_D_view_render
                0x08009720        0xc build_facc_application_stm32l/view_render.o
 .text._Z16view_render_initv
                0x0800972c        0xc build_facc_application_stm32l/view_render.o
                0x0800972c                view_render_init()
 .text._Z18view_render_screenP13view_screen_t
                0x08009738       0x68 build_facc_application_stm32l/view_render.o
                0x08009738                view_render_screen(view_screen_t*)
 .text._ZL21view_render_rectanglePv
                0x080097a0       0xe8 build_facc_application_stm32l/view_render.o
 .text._Z12scr_mng_ctorP9scr_mng_tPFvP8ak_msg_tEP13view_screen_t
                0x08009888       0x20 build_facc_application_stm32l/screen_manager.o
                0x08009888                scr_mng_ctor(scr_mng_t*, void (*)(ak_msg_t*), view_screen_t*)
 .text._Z16scr_mng_dispatchP8ak_msg_t
                0x080098a8       0x30 build_facc_application_stm32l/screen_manager.o
                0x080098a8                scr_mng_dispatch(ak_msg_t*)
 .text._Z12scr_mng_tranPFvP8ak_msg_tEP13view_screen_t
                0x080098d8       0x3c build_facc_application_stm32l/screen_manager.o
                0x080098d8                scr_mng_tran(void (*)(ak_msg_t*), view_screen_t*)
 .text._Z26scr_mng_get_current_screenv
                0x08009914        0xc build_facc_application_stm32l/screen_manager.o
                0x08009914                scr_mng_get_current_screen()
 .text._ZN10THERMISTORC2Ehttt
                0x08009920       0x10 build_facc_application_stm32l/thermistor.o
                0x08009920                THERMISTOR::THERMISTOR(unsigned char, unsigned short, unsigned short, unsigned short)
                0x08009920                THERMISTOR::THERMISTOR(unsigned char, unsigned short, unsigned short, unsigned short)
 .text._ZN10THERMISTOR5beginEv
                0x08009930        0x4 build_facc_application_stm32l/thermistor.o
                0x08009930                THERMISTOR::begin()
 .text._ZN10THERMISTOR4readEv
                0x08009934       0xb4 build_facc_application_stm32l/thermistor.o
                0x08009934                THERMISTOR::read()
 .text._ZN10THERMISTOR6read_fEv
                0x080099e8       0x18 build_facc_application_stm32l/thermistor.o
                0x080099e8                THERMISTOR::read_f()
 .text._ZN10THERMISTOR11read_kalmanEv
                0x08009a00        0xe build_facc_application_stm32l/thermistor.o
                0x08009a00                THERMISTOR::read_kalman()
 .text._ZN12Adafruit_GFX8drawLineEsssst
                0x08009a0e       0xc0 build_facc_application_stm32l/Adafruit_GFX.o
                0x08009a0e                Adafruit_GFX::drawLine(short, short, short, short, unsigned short)
 .text._ZN12Adafruit_GFX8drawRectEsssst
                0x08009ace       0x60 build_facc_application_stm32l/Adafruit_GFX.o
                0x08009ace                Adafruit_GFX::drawRect(short, short, short, short, unsigned short)
 .text._ZN12Adafruit_GFX13drawFastVLineEssst
                0x08009b2e       0x1c build_facc_application_stm32l/Adafruit_GFX.o
                0x08009b2e                Adafruit_GFX::drawFastVLine(short, short, short, unsigned short)
 .text._ZN12Adafruit_GFX13drawFastHLineEssst
                0x08009b4a       0x1a build_facc_application_stm32l/Adafruit_GFX.o
                0x08009b4a                Adafruit_GFX::drawFastHLine(short, short, short, unsigned short)
 .text._ZN12Adafruit_GFX8fillRectEsssst
                0x08009b64       0x38 build_facc_application_stm32l/Adafruit_GFX.o
                0x08009b64                Adafruit_GFX::fillRect(short, short, short, short, unsigned short)
 .text._ZN12Adafruit_GFX10fillScreenEt
                0x08009b9c       0x1c build_facc_application_stm32l/Adafruit_GFX.o
                0x08009b9c                Adafruit_GFX::fillScreen(unsigned short)
 .text._ZN12Adafruit_GFX13invertDisplayEb
                0x08009bb8        0x2 build_facc_application_stm32l/Adafruit_GFX.o
                0x08009bb8                Adafruit_GFX::invertDisplay(bool)
 .text._ZN12Adafruit_GFX8drawMoonEssst
                0x08009bba      0x152 build_facc_application_stm32l/Adafruit_GFX.o
                0x08009bba                Adafruit_GFX::drawMoon(short, short, short, unsigned short)
 .text._ZN12Adafruit_GFXC2Ess
                0x08009d0c       0x2c build_facc_application_stm32l/Adafruit_GFX.o
                0x08009d0c                Adafruit_GFX::Adafruit_GFX(short, short)
                0x08009d0c                Adafruit_GFX::Adafruit_GFX(short, short)
 .text._ZN12Adafruit_GFX16fillCircleHelperEssshst
                0x08009d38      0x142 build_facc_application_stm32l/Adafruit_GFX.o
                0x08009d38                Adafruit_GFX::fillCircleHelper(short, short, short, unsigned char, short, unsigned short)
 .text._ZN12Adafruit_GFX10fillCircleEssst
                0x08009e7a       0x48 build_facc_application_stm32l/Adafruit_GFX.o
                0x08009e7a                Adafruit_GFX::fillCircle(short, short, short, unsigned short)
 .text._ZN12Adafruit_GFX7drawSunEssst
                0x08009ec2       0xca build_facc_application_stm32l/Adafruit_GFX.o
                0x08009ec2                Adafruit_GFX::drawSun(short, short, short, unsigned short)
 .text._ZN12Adafruit_GFX12fillTriangleEsssssst
                0x08009f8c      0x1be build_facc_application_stm32l/Adafruit_GFX.o
                0x08009f8c                Adafruit_GFX::fillTriangle(short, short, short, short, short, short, unsigned short)
 *fill*         0x0800a14a        0x2 
 .text._ZN12Adafruit_GFX8drawCharEsshtth
                0x0800a14c      0x12c build_facc_application_stm32l/Adafruit_GFX.o
                0x0800a14c                Adafruit_GFX::drawChar(short, short, unsigned char, unsigned short, unsigned short, unsigned char)
 .text._ZN12Adafruit_GFX5writeEh
                0x0800a278       0x6a build_facc_application_stm32l/Adafruit_GFX.o
                0x0800a278                Adafruit_GFX::write(unsigned char)
 .text._ZN12Adafruit_GFX9setCursorEss
                0x0800a2e2        0x6 build_facc_application_stm32l/Adafruit_GFX.o
                0x0800a2e2                Adafruit_GFX::setCursor(short, short)
 .text._ZN12Adafruit_GFX11setTextSizeEh
                0x0800a2e8        0xa build_facc_application_stm32l/Adafruit_GFX.o
                0x0800a2e8                Adafruit_GFX::setTextSize(unsigned char)
 .text._ZN12Adafruit_GFX12setTextColorEt
                0x0800a2f2        0x6 build_facc_application_stm32l/Adafruit_GFX.o
                0x0800a2f2                Adafruit_GFX::setTextColor(unsigned short)
 .text._ZN12Adafruit_GFX5widthEv
                0x0800a2f8        0x6 build_facc_application_stm32l/Adafruit_GFX.o
                0x0800a2f8                Adafruit_GFX::width()
 .text._ZN12Adafruit_GFX6heightEv
                0x0800a2fe        0x6 build_facc_application_stm32l/Adafruit_GFX.o
                0x0800a2fe                Adafruit_GFX::height()
 .text._ZN19Adafruit_ssd1306syp9updateRowEii
                0x0800a304       0x1e build_facc_application_stm32l/Adafruit_ssd1306syp.o
                0x0800a304                Adafruit_ssd1306syp::updateRow(int, int)
 *fill*         0x0800a322        0x2 
 .text._ZN19Adafruit_ssd1306syp9drawPixelEsst
                0x0800a324       0x70 build_facc_application_stm32l/Adafruit_ssd1306syp.o
                0x0800a324                Adafruit_ssd1306syp::drawPixel(short, short, unsigned short)
 .text._ZN19Adafruit_ssd1306sypC2Ev
                0x0800a394       0x24 build_facc_application_stm32l/Adafruit_ssd1306syp.o
                0x0800a394                Adafruit_ssd1306syp::Adafruit_ssd1306syp()
                0x0800a394                Adafruit_ssd1306syp::Adafruit_ssd1306syp()
 .text._ZN19Adafruit_ssd1306sypD2Ev
                0x0800a3b8        0x2 build_facc_application_stm32l/Adafruit_ssd1306syp.o
                0x0800a3b8                Adafruit_ssd1306syp::~Adafruit_ssd1306syp()
                0x0800a3b8                Adafruit_ssd1306syp::~Adafruit_ssd1306syp()
 .text._ZN19Adafruit_ssd1306syp5clearEb
                0x0800a3ba       0x22 build_facc_application_stm32l/Adafruit_ssd1306syp.o
                0x0800a3ba                Adafruit_ssd1306syp::clear(bool)
 .text._ZN19Adafruit_ssd1306syp9writeByteEh
                0x0800a3dc       0x56 build_facc_application_stm32l/Adafruit_ssd1306syp.o
                0x0800a3dc                Adafruit_ssd1306syp::writeByte(unsigned char)
 .text._ZN19Adafruit_ssd1306syp8startIICEv
                0x0800a432       0x2c build_facc_application_stm32l/Adafruit_ssd1306syp.o
                0x0800a432                Adafruit_ssd1306syp::startIIC()
 .text._ZN19Adafruit_ssd1306syp7stopIICEv
                0x0800a45e       0x2c build_facc_application_stm32l/Adafruit_ssd1306syp.o
                0x0800a45e                Adafruit_ssd1306syp::stopIIC()
 .text._ZN19Adafruit_ssd1306syp12writeCommandEh
                0x0800a48a       0x2c build_facc_application_stm32l/Adafruit_ssd1306syp.o
                0x0800a48a                Adafruit_ssd1306syp::writeCommand(unsigned char)
 *fill*         0x0800a4b6        0x2 
 .text._ZN19Adafruit_ssd1306syp10initializeEv
                0x0800a4b8      0x104 build_facc_application_stm32l/Adafruit_ssd1306syp.o
                0x0800a4b8                Adafruit_ssd1306syp::initialize()
 .text._ZN19Adafruit_ssd1306syp10display_onEv
                0x0800a5bc        0x6 build_facc_application_stm32l/Adafruit_ssd1306syp.o
                0x0800a5bc                Adafruit_ssd1306syp::display_on()
 .text._ZN19Adafruit_ssd1306syp11display_offEv
                0x0800a5c2        0x6 build_facc_application_stm32l/Adafruit_ssd1306syp.o
                0x0800a5c2                Adafruit_ssd1306syp::display_off()
 .text._ZN19Adafruit_ssd1306syp17startDataSequenceEv
                0x0800a5c8       0x1c build_facc_application_stm32l/Adafruit_ssd1306syp.o
                0x0800a5c8                Adafruit_ssd1306syp::startDataSequence()
 .text._ZN19Adafruit_ssd1306syp6updateEv
                0x0800a5e4       0x54 build_facc_application_stm32l/Adafruit_ssd1306syp.o
                0x0800a5e4                Adafruit_ssd1306syp::update()
 .text._ZN19Adafruit_ssd1306syp9updateRowEi
                0x0800a638       0x6e build_facc_application_stm32l/Adafruit_ssd1306syp.o
                0x0800a638                Adafruit_ssd1306syp::updateRow(int)
 *fill*         0x0800a6a6        0x2 
 .text._ZN13EnergyMonitor7currentEjd
                0x0800a6a8       0x14 build_facc_application_stm32l/EmonLib.o
                0x0800a6a8                EnergyMonitor::current(unsigned int, double)
 *fill*         0x0800a6bc        0x4 
 .text._ZN13EnergyMonitor8calcIrmsEj
                0x0800a6c0       0xd4 build_facc_application_stm32l/EmonLib.o
                0x0800a6c0                EnergyMonitor::calcIrms(unsigned int)
 .text._ZN12_GLOBAL__N_110SPISessionC2Eiii
                0x0800a794       0x22 build_facc_application_stm32l/DS1302.o
 .text._ZN12_GLOBAL__N_110SPISessionD2Ev.constprop.0
                0x0800a7b6       0x16 build_facc_application_stm32l/DS1302.o
 .text._ZN4TimeC2EthhhhhNS_3DayE
                0x0800a7cc       0x22 build_facc_application_stm32l/DS1302.o
                0x0800a7cc                Time::Time(unsigned short, unsigned char, unsigned char, unsigned char, unsigned char, unsigned char, Time::Day)
                0x0800a7cc                Time::Time(unsigned short, unsigned char, unsigned char, unsigned char, unsigned char, unsigned char, Time::Day)
 .text._ZN6DS1302C2Ev
                0x0800a7ee       0x22 build_facc_application_stm32l/DS1302.o
                0x0800a7ee                DS1302::DS1302()
                0x0800a7ee                DS1302::DS1302()
 .text._ZN6DS13028writeOutEh
                0x0800a810       0x1e build_facc_application_stm32l/DS1302.o
                0x0800a810                DS1302::writeOut(unsigned char)
 .text._ZN6DS13026readInEv
                0x0800a82e       0x38 build_facc_application_stm32l/DS1302.o
                0x0800a82e                DS1302::readIn()
 .text._ZN6DS130212readRegisterEh
                0x0800a866       0x36 build_facc_application_stm32l/DS1302.o
                0x0800a866                DS1302::readRegister(unsigned char)
 .text._ZN6DS130213writeRegisterEhh
                0x0800a89c       0x36 build_facc_application_stm32l/DS1302.o
                0x0800a89c                DS1302::writeRegister(unsigned char, unsigned char)
 .text._ZN6DS130212writeProtectEb
                0x0800a8d2        0xc build_facc_application_stm32l/DS1302.o
                0x0800a8d2                DS1302::writeProtect(bool)
 .text._ZN6DS13024haltEb
                0x0800a8de       0x22 build_facc_application_stm32l/DS1302.o
                0x0800a8de                DS1302::halt(bool)
 .text._ZN6DS13024timeEv
                0x0800a900       0xdc build_facc_application_stm32l/DS1302.o
                0x0800a900                DS1302::time()
 .text._ZN6DS13024timeE4Time
                0x0800a9dc       0xf0 build_facc_application_stm32l/DS1302.o
                0x0800a9dc                DS1302::time(Time)
 .text.eeprom_read
                0x0800aacc        0x4 build_facc_application_stm32l/eeprom.o
                0x0800aacc                eeprom_read
 .text.eeprom_write
                0x0800aad0        0x4 build_facc_application_stm32l/eeprom.o
                0x0800aad0                eeprom_write
 .text.eeprom_erase
                0x0800aad4        0x4 build_facc_application_stm32l/eeprom.o
                0x0800aad4                eeprom_erase
 .text._ZN4RF2413read_registerEh
                0x0800aad8       0x2c build_facc_application_stm32l/RF24.o
                0x0800aad8                RF24::read_register(unsigned char)
 .text._ZN4RF2414write_registerEhPKhh
                0x0800ab04       0x3c build_facc_application_stm32l/RF24.o
                0x0800ab04                RF24::write_register(unsigned char, unsigned char const*, unsigned char)
 .text._ZN4RF2414write_registerEhh
                0x0800ab40       0x30 build_facc_application_stm32l/RF24.o
                0x0800ab40                RF24::write_register(unsigned char, unsigned char)
 .text._ZN4RF2413write_payloadEPKvhh
                0x0800ab70       0x58 build_facc_application_stm32l/RF24.o
                0x0800ab70                RF24::write_payload(void const*, unsigned char, unsigned char)
 .text._ZN4RF2412read_payloadEPvh
                0x0800abc8       0x58 build_facc_application_stm32l/RF24.o
                0x0800abc8                RF24::read_payload(void*, unsigned char)
 .text._ZN4RF248spiTransEh
                0x0800ac20       0x20 build_facc_application_stm32l/RF24.o
                0x0800ac20                RF24::spiTrans(unsigned char)
 .text._ZN4RF248flush_rxEv
                0x0800ac40        0x6 build_facc_application_stm32l/RF24.o
                0x0800ac40                RF24::flush_rx()
 .text._ZN4RF248flush_txEv
                0x0800ac46        0x6 build_facc_application_stm32l/RF24.o
                0x0800ac46                RF24::flush_tx()
 .text._ZN4RF2410get_statusEv
                0x0800ac4c        0x6 build_facc_application_stm32l/RF24.o
                0x0800ac4c                RF24::get_status()
 .text._ZN4RF24C2Ehh
                0x0800ac52       0x16 build_facc_application_stm32l/RF24.o
                0x0800ac52                RF24::RF24(unsigned char, unsigned char)
                0x0800ac52                RF24::RF24(unsigned char, unsigned char)
 .text._ZN4RF2410setChannelEh
                0x0800ac68        0xe build_facc_application_stm32l/RF24.o
                0x0800ac68                RF24::setChannel(unsigned char)
 .text._ZN4RF2413stopListeningEv
                0x0800ac76       0x5a build_facc_application_stm32l/RF24.o
                0x0800ac76                RF24::stopListening()
 .text._ZN4RF247powerUpEv
                0x0800acd0       0x2c build_facc_application_stm32l/RF24.o
                0x0800acd0                RF24::powerUp()
 .text._ZN4RF2414startFastWriteEPKvhbb
                0x0800acfc       0x24 build_facc_application_stm32l/RF24.o
                0x0800acfc                RF24::startFastWrite(void const*, unsigned char, bool, bool)
 .text._ZN4RF249writeFastEPKvhb
                0x0800ad20       0x46 build_facc_application_stm32l/RF24.o
                0x0800ad20                RF24::writeFast(void const*, unsigned char, bool)
 .text._ZN4RF249txStandByEmb
                0x0800ad66       0x82 build_facc_application_stm32l/RF24.o
                0x0800ad66                RF24::txStandBy(unsigned long, bool)
 .text._ZN4RF247maskIRQEbbb
                0x0800ade8       0x30 build_facc_application_stm32l/RF24.o
                0x0800ade8                RF24::maskIRQ(bool, bool, bool)
 .text._ZN4RF2421getDynamicPayloadSizeEv
                0x0800ae18       0x3c build_facc_application_stm32l/RF24.o
                0x0800ae18                RF24::getDynamicPayloadSize()
 .text._ZN4RF249availableEPh
                0x0800ae54       0x28 build_facc_application_stm32l/RF24.o
                0x0800ae54                RF24::available(unsigned char*)
 .text._ZN4RF244readEPvh
                0x0800ae7c       0x16 build_facc_application_stm32l/RF24.o
                0x0800ae7c                RF24::read(void*, unsigned char)
 .text._ZN4RF2412whatHappenedERbS0_S0_
                0x0800ae92       0x24 build_facc_application_stm32l/RF24.o
                0x0800ae92                RF24::whatHappened(bool&, bool&, bool&)
 .text._ZN4RF2415openWritingPipeEy
                0x0800aeb6       0x2e build_facc_application_stm32l/RF24.o
                0x0800aeb6                RF24::openWritingPipe(unsigned long long)
 .text._ZN4RF2415openReadingPipeEhy
                0x0800aee4       0x74 build_facc_application_stm32l/RF24.o
                0x0800aee4                RF24::openReadingPipe(unsigned char, unsigned long long)
 .text._ZN4RF2416closeReadingPipeEh
                0x0800af58       0x2c build_facc_application_stm32l/RF24.o
                0x0800af58                RF24::closeReadingPipe(unsigned char)
 .text._ZN4RF2414startListeningEv
                0x0800af84       0x62 build_facc_application_stm32l/RF24.o
                0x0800af84                RF24::startListening()
 *fill*         0x0800afe6        0x2 
 .text._ZN4RF2415toggle_featuresEv
                0x0800afe8       0x24 build_facc_application_stm32l/RF24.o
                0x0800afe8                RF24::toggle_features()
 .text._ZN4RF2421enableDynamicPayloadsEv
                0x0800b00c       0x34 build_facc_application_stm32l/RF24.o
                0x0800b00c                RF24::enableDynamicPayloads()
 .text._ZN4RF2410setAutoAckEhb
                0x0800b040       0x32 build_facc_application_stm32l/RF24.o
                0x0800b040                RF24::setAutoAck(unsigned char, bool)
 .text._ZN4RF2410setPALevelEh
                0x0800b072       0x2e build_facc_application_stm32l/RF24.o
                0x0800b072                RF24::setPALevel(unsigned char)
 .text._ZN4RF2411setDataRateE15rf24_datarate_e
                0x0800b0a0       0x46 build_facc_application_stm32l/RF24.o
                0x0800b0a0                RF24::setDataRate(rf24_datarate_e)
 .text._ZN4RF245beginEv
                0x0800b0e6       0xb0 build_facc_application_stm32l/RF24.o
                0x0800b0e6                RF24::begin()
 .text._ZN4RF2410setRetriesEhh
                0x0800b196       0x10 build_facc_application_stm32l/RF24.o
                0x0800b196                RF24::setRetries(unsigned char, unsigned char)
 .text._ZN11RF24NetworkC2ER4RF24
                0x0800b1a6       0x28 build_facc_application_stm32l/RF24Network.o
                0x0800b1a6                RF24Network::RF24Network(RF24&)
                0x0800b1a6                RF24Network::RF24Network(RF24&)
 .text._ZN11RF24Network7enqueueEP17RF24NetworkHeader
                0x0800b1ce      0x1e2 build_facc_application_stm32l/RF24Network.o
                0x0800b1ce                RF24Network::enqueue(RF24NetworkHeader*)
 .text._ZN11RF24Network4readER17RF24NetworkHeaderPvt
                0x0800b3b0       0x84 build_facc_application_stm32l/RF24Network.o
                0x0800b3b0                RF24Network::read(RF24NetworkHeader&, void*, unsigned short)
 .text._ZN11RF24Network15is_direct_childEt
                0x0800b434       0x20 build_facc_application_stm32l/RF24Network.o
                0x0800b434                RF24Network::is_direct_child(unsigned short)
 .text._ZN11RF24Network24logicalToPhysicalAddressEPNS_23logicalToPhysicalStructE
                0x0800b454       0x48 build_facc_application_stm32l/RF24Network.o
                0x0800b454                RF24Network::logicalToPhysicalAddress(RF24Network::logicalToPhysicalStruct*)
 .text._ZN11RF24Network13setup_addressEv
                0x0800b49c       0x3e build_facc_application_stm32l/RF24Network.o
                0x0800b49c                RF24Network::setup_address()
 .text._ZN11RF24Network16is_valid_addressEt
                0x0800b4da       0x16 build_facc_application_stm32l/RF24Network.o